Archive member included to satisfy reference by file (symbol)

d:/stm32/gnu mcu eclipse/arm embedded gcc/8.2.1-1.4-20190214-0604/bin/../lib/gcc/arm-none-eabi/8.2.1/../../../../arm-none-eabi/lib/thumb/v7-m/nofp\libc_nano.a(lib_a-exit.o)
                              d:/stm32/gnu mcu eclipse/arm embedded gcc/8.2.1-1.4-20190214-0604/bin/../lib/gcc/arm-none-eabi/8.2.1/../../../../arm-none-eabi/lib/thumb/v7-m/nofp/crt0.o (exit)
d:/stm32/gnu mcu eclipse/arm embedded gcc/8.2.1-1.4-20190214-0604/bin/../lib/gcc/arm-none-eabi/8.2.1/../../../../arm-none-eabi/lib/thumb/v7-m/nofp\libc_nano.a(lib_a-impure.o)
                              d:/stm32/gnu mcu eclipse/arm embedded gcc/8.2.1-1.4-20190214-0604/bin/../lib/gcc/arm-none-eabi/8.2.1/../../../../arm-none-eabi/lib/thumb/v7-m/nofp\libc_nano.a(lib_a-exit.o) (_global_impure_ptr)
d:/stm32/gnu mcu eclipse/arm embedded gcc/8.2.1-1.4-20190214-0604/bin/../lib/gcc/arm-none-eabi/8.2.1/../../../../arm-none-eabi/lib/thumb/v7-m/nofp\libc_nano.a(lib_a-init.o)
                              d:/stm32/gnu mcu eclipse/arm embedded gcc/8.2.1-1.4-20190214-0604/bin/../lib/gcc/arm-none-eabi/8.2.1/../../../../arm-none-eabi/lib/thumb/v7-m/nofp/crt0.o (__libc_init_array)
d:/stm32/gnu mcu eclipse/arm embedded gcc/8.2.1-1.4-20190214-0604/bin/../lib/gcc/arm-none-eabi/8.2.1/../../../../arm-none-eabi/lib/thumb/v7-m/nofp\libc_nano.a(lib_a-memcpy-stub.o)
                              build/queue.o (memcpy)
d:/stm32/gnu mcu eclipse/arm embedded gcc/8.2.1-1.4-20190214-0604/bin/../lib/gcc/arm-none-eabi/8.2.1/../../../../arm-none-eabi/lib/thumb/v7-m/nofp\libc_nano.a(lib_a-memset.o)
                              d:/stm32/gnu mcu eclipse/arm embedded gcc/8.2.1-1.4-20190214-0604/bin/../lib/gcc/arm-none-eabi/8.2.1/../../../../arm-none-eabi/lib/thumb/v7-m/nofp/crt0.o (memset)
d:/stm32/gnu mcu eclipse/arm embedded gcc/8.2.1-1.4-20190214-0604/bin/../lib/gcc/arm-none-eabi/8.2.1/../../../../arm-none-eabi/lib/thumb/v7-m/nofp\libnosys.a(_exit.o)
                              d:/stm32/gnu mcu eclipse/arm embedded gcc/8.2.1-1.4-20190214-0604/bin/../lib/gcc/arm-none-eabi/8.2.1/../../../../arm-none-eabi/lib/thumb/v7-m/nofp\libc_nano.a(lib_a-exit.o) (_exit)
d:/stm32/gnu mcu eclipse/arm embedded gcc/8.2.1-1.4-20190214-0604/bin/../lib/gcc/arm-none-eabi/8.2.1/thumb/v7-m/nofp\libgcc.a(_arm_addsubdf3.o)
                              build/PS2X_lib.o (__aeabi_dsub)
d:/stm32/gnu mcu eclipse/arm embedded gcc/8.2.1-1.4-20190214-0604/bin/../lib/gcc/arm-none-eabi/8.2.1/thumb/v7-m/nofp\libgcc.a(_arm_cmpdf2.o)
                              build/PS2X_lib.o (__aeabi_dcmpgt)
d:/stm32/gnu mcu eclipse/arm embedded gcc/8.2.1-1.4-20190214-0604/bin/../lib/gcc/arm-none-eabi/8.2.1/thumb/v7-m/nofp\libgcc.a(_arm_fixunsdfsi.o)
                              build/PS2X_lib.o (__aeabi_d2uiz)
d:/stm32/gnu mcu eclipse/arm embedded gcc/8.2.1-1.4-20190214-0604/bin/../lib/gcc/arm-none-eabi/8.2.1/thumb/v7-m/nofp\libgcc.a(_arm_addsubsf3.o)
                              build/PS2X_lib.o (__aeabi_fsub)
d:/stm32/gnu mcu eclipse/arm embedded gcc/8.2.1-1.4-20190214-0604/bin/../lib/gcc/arm-none-eabi/8.2.1/thumb/v7-m/nofp\libgcc.a(_arm_muldivsf3.o)
                              build/PS2X_lib.o (__aeabi_fmul)
d:/stm32/gnu mcu eclipse/arm embedded gcc/8.2.1-1.4-20190214-0604/bin/../lib/gcc/arm-none-eabi/8.2.1/thumb/v7-m/nofp\libgcc.a(_arm_fixunssfsi.o)
                              build/PS2X_lib.o (__aeabi_f2uiz)

Allocating common symbols
Common symbol       size              file

hUsbDeviceFS        0x2c4             build/main.o
defaultTaskHandle   0x4               build/main.o
en_Pressures        0x1               build/main.o
controller_type     0x1               build/main.o
_clk_lport_clr      0x4               build/main.o
uwTick              0x4               build/stm32f1xx_hal.o
xQueueRegistry      0x40              build/queue.o
pFlash              0x20              build/stm32f1xx_hal_flash.o
_att_lport_set      0x4               build/main.o
htim3               0x48              build/stm32f1xx_hal_timebase_tim.o
i                   0x1               build/main.o
read_delay          0x1               build/main.o
PS2data             0x15              build/main.o
last_buttons        0x2               build/main.o
_dat_mask           0x2               build/main.o
buttons             0x2               build/main.o
en_Rumble           0x1               build/main.o
_cmd_lport_set      0x4               build/main.o
_cmd_mask           0x2               build/main.o
_att_lport_clr      0x4               build/main.o
_dat_lport          0x4               build/main.o
htim2               0x48              build/main.o
last_read           0x4               build/main.o
_att_mask           0x2               build/main.o
_clk_mask           0x2               build/main.o
_clk_lport_set      0x4               build/main.o
hpcd_USB_FS         0x2ec             build/usbd_conf.o
USBD_StrDesc        0x200             build/usbd_desc.o
[...]
Memory Configuration

Name             Origin             Length             Attributes
RAM              0x0000000020000000 0x0000000000005000 xrw
FLASH            0x0000000008000000 0x0000000000010000 xr
*default*        0x0000000000000000 0xffffffffffffffff

Linker script and memory map

LOAD d:/stm32/gnu mcu eclipse/arm embedded gcc/8.2.1-1.4-20190214-0604/bin/../lib/gcc/arm-none-eabi/8.2.1/thumb/v7-m/nofp/crti.o
LOAD d:/stm32/gnu mcu eclipse/arm embedded gcc/8.2.1-1.4-20190214-0604/bin/../lib/gcc/arm-none-eabi/8.2.1/thumb/v7-m/nofp/crtbegin.o
LOAD d:/stm32/gnu mcu eclipse/arm embedded gcc/8.2.1-1.4-20190214-0604/bin/../lib/gcc/arm-none-eabi/8.2.1/../../../../arm-none-eabi/lib/thumb/v7-m/nofp/crt0.o
LOAD build/main.o
LOAD build/freertos.o
LOAD build/usb_device.o
LOAD build/usbd_conf.o
LOAD build/usbd_desc.o
LOAD build/stm32f1xx_it.o
LOAD build/stm32f1xx_hal_msp.o
LOAD build/stm32f1xx_hal_timebase_tim.o
LOAD build/PS2X_lib.o
LOAD build/stm32f1xx_hal_gpio_ex.o
LOAD build/stm32f1xx_hal_pcd.o
LOAD build/stm32f1xx_hal_pcd_ex.o
LOAD build/stm32f1xx_ll_usb.o
LOAD build/stm32f1xx_hal.o
LOAD build/stm32f1xx_hal_rcc.o
LOAD build/stm32f1xx_hal_rcc_ex.o
LOAD build/stm32f1xx_hal_gpio.o
LOAD build/stm32f1xx_hal_dma.o
LOAD build/stm32f1xx_hal_cortex.o
LOAD build/stm32f1xx_hal_pwr.o
LOAD build/stm32f1xx_hal_flash.o
LOAD build/stm32f1xx_hal_flash_ex.o
LOAD build/stm32f1xx_hal_exti.o
LOAD build/stm32f1xx_hal_tim.o
LOAD build/stm32f1xx_hal_tim_ex.o
LOAD build/system_stm32f1xx.o
LOAD build/croutine.o
LOAD build/event_groups.o
LOAD build/list.o
LOAD build/queue.o
LOAD build/stream_buffer.o
LOAD build/tasks.o
LOAD build/timers.o
LOAD build/cmsis_os2.o
LOAD build/heap_4.o
LOAD build/port.o
LOAD build/usbd_core.o
LOAD build/usbd_ctlreq.o
LOAD build/usbd_ioreq.o
LOAD build/usbd_hid.o
LOAD build/startup_stm32f103xb.o
LOAD d:/stm32/gnu mcu eclipse/arm embedded gcc/8.2.1-1.4-20190214-0604/bin/../lib/gcc/arm-none-eabi/8.2.1/../../../../arm-none-eabi/lib/thumb/v7-m/nofp\libc_nano.a
LOAD d:/stm32/gnu mcu eclipse/arm embedded gcc/8.2.1-1.4-20190214-0604/bin/../lib/gcc/arm-none-eabi/8.2.1/../../../../arm-none-eabi/lib/thumb/v7-m/nofp\libm.a
LOAD d:/stm32/gnu mcu eclipse/arm embedded gcc/8.2.1-1.4-20190214-0604/bin/../lib/gcc/arm-none-eabi/8.2.1/../../../../arm-none-eabi/lib/thumb/v7-m/nofp\libnosys.a
START GROUP
LOAD d:/stm32/gnu mcu eclipse/arm embedded gcc/8.2.1-1.4-20190214-0604/bin/../lib/gcc/arm-none-eabi/8.2.1/thumb/v7-m/nofp\libgcc.a
LOAD d:/stm32/gnu mcu eclipse/arm embedded gcc/8.2.1-1.4-20190214-0604/bin/../lib/gcc/arm-none-eabi/8.2.1/../../../../arm-none-eabi/lib/thumb/v7-m/nofp\libc_nano.a
END GROUP
START GROUP
LOAD d:/stm32/gnu mcu eclipse/arm embedded gcc/8.2.1-1.4-20190214-0604/bin/../lib/gcc/arm-none-eabi/8.2.1/thumb/v7-m/nofp\libgcc.a
LOAD d:/stm32/gnu mcu eclipse/arm embedded gcc/8.2.1-1.4-20190214-0604/bin/../lib/gcc/arm-none-eabi/8.2.1/../../../../arm-none-eabi/lib/thumb/v7-m/nofp\libc_nano.a
END GROUP
LOAD d:/stm32/gnu mcu eclipse/arm embedded gcc/8.2.1-1.4-20190214-0604/bin/../lib/gcc/arm-none-eabi/8.2.1/thumb/v7-m/nofp/crtend.o
LOAD d:/stm32/gnu mcu eclipse/arm embedded gcc/8.2.1-1.4-20190214-0604/bin/../lib/gcc/arm-none-eabi/8.2.1/thumb/v7-m/nofp/crtn.o
                0x0000000020005000                _estack = 0x20005000
                0x0000000000000800                _Min_Heap_Size = 0x800
                0x0000000000001200                _Min_Stack_Size = 0x1200

.isr_vector     0x0000000008000000      0x10c
                0x0000000008000000                . = ALIGN (0x4)
 *(.isr_vector)
 .isr_vector    0x0000000008000000      0x10c build/startup_stm32f103xb.o
                0x0000000008000000                g_pfnVectors
                0x000000000800010c                . = ALIGN (0x4)

.text           0x0000000008000110     0x6a40
                0x0000000008000110                . = ALIGN (0x4)
 *(.text)
 .text          0x0000000008000110      0x378 d:/stm32/gnu mcu eclipse/arm embedded gcc/8.2.1-1.4-20190214-0604/bin/../lib/gcc/arm-none-eabi/8.2.1/thumb/v7-m/nofp\libgcc.a(_arm_addsubdf3.o)
                0x0000000008000110                __aeabi_drsub
                0x0000000008000118                __aeabi_dsub
                0x0000000008000118                __subdf3
                0x000000000800011c                __aeabi_dadd
                0x000000000800011c                __adddf3
                0x0000000008000394                __floatunsidf
                0x0000000008000394                __aeabi_ui2d
                0x00000000080003b4                __floatsidf
                0x00000000080003b4                __aeabi_i2d
                0x00000000080003d8                __aeabi_f2d
                0x00000000080003d8                __extendsfdf2
                0x000000000800041c                __floatundidf
                0x000000000800041c                __aeabi_ul2d
                0x000000000800042c                __floatdidf
                0x000000000800042c                __aeabi_l2d
 .text          0x0000000008000488      0x110 d:/stm32/gnu mcu eclipse/arm embedded gcc/8.2.1-1.4-20190214-0604/bin/../lib/gcc/arm-none-eabi/8.2.1/thumb/v7-m/nofp\libgcc.a(_arm_cmpdf2.o)
                0x0000000008000488                __gtdf2
                0x0000000008000488                __gedf2
                0x0000000008000490                __ltdf2
                0x0000000008000490                __ledf2
                0x0000000008000498                __nedf2
                0x0000000008000498                __eqdf2
                0x0000000008000498                __cmpdf2
                0x0000000008000514                __aeabi_cdrcmple
                0x0000000008000524                __aeabi_cdcmpeq
                0x0000000008000524                __aeabi_cdcmple
                0x0000000008000534                __aeabi_dcmpeq
                0x0000000008000548                __aeabi_dcmplt
                0x000000000800055c                __aeabi_dcmple
                0x0000000008000570                __aeabi_dcmpge
                0x0000000008000584                __aeabi_dcmpgt
 .text          0x0000000008000598       0x40 d:/stm32/gnu mcu eclipse/arm embedded gcc/8.2.1-1.4-20190214-0604/bin/../lib/gcc/arm-none-eabi/8.2.1/thumb/v7-m/nofp\libgcc.a(_arm_fixunsdfsi.o)
                0x0000000008000598                __aeabi_d2uiz
                0x0000000008000598                __fixunsdfsi
 .text          0x00000000080005d8      0x21c d:/stm32/gnu mcu eclipse/arm embedded gcc/8.2.1-1.4-20190214-0604/bin/../lib/gcc/arm-none-eabi/8.2.1/thumb/v7-m/nofp\libgcc.a(_arm_addsubsf3.o)
                0x00000000080005d8                __aeabi_frsub
                0x00000000080005e0                __subsf3
                0x00000000080005e0                __aeabi_fsub
                0x00000000080005e4                __aeabi_fadd
                0x00000000080005e4                __addsf3
                0x0000000008000744                __aeabi_ui2f
                0x0000000008000744                __floatunsisf
                0x000000000800074c                __aeabi_i2f
                0x000000000800074c                __floatsisf
                0x0000000008000768                __aeabi_ul2f
                0x0000000008000768                __floatundisf
                0x0000000008000778                __aeabi_l2f
                0x0000000008000778                __floatdisf
 .text          0x00000000080007f4      0x2a0 d:/stm32/gnu mcu eclipse/arm embedded gcc/8.2.1-1.4-20190214-0604/bin/../lib/gcc/arm-none-eabi/8.2.1/thumb/v7-m/nofp\libgcc.a(_arm_muldivsf3.o)
                0x00000000080007f4                __mulsf3
                0x00000000080007f4                __aeabi_fmul
                0x000000000800095c                __aeabi_fdiv
                0x000000000800095c                __divsf3
 .text          0x0000000008000a94       0x40 d:/stm32/gnu mcu eclipse/arm embedded gcc/8.2.1-1.4-20190214-0604/bin/../lib/gcc/arm-none-eabi/8.2.1/thumb/v7-m/nofp\libgcc.a(_arm_fixunssfsi.o)
                0x0000000008000a94                __fixunssfsi
                0x0000000008000a94                __aeabi_f2uiz
 *(.text*)
 .text.deregister_tm_clones
                0x0000000008000ad4       0x1c d:/stm32/gnu mcu eclipse/arm embedded gcc/8.2.1-1.4-20190214-0604/bin/../lib/gcc/arm-none-eabi/8.2.1/thumb/v7-m/nofp/crtbegin.o
 .text.register_tm_clones
                0x0000000008000af0       0x24 d:/stm32/gnu mcu eclipse/arm embedded gcc/8.2.1-1.4-20190214-0604/bin/../lib/gcc/arm-none-eabi/8.2.1/thumb/v7-m/nofp/crtbegin.o
 .text.__do_global_dtors_aux
                0x0000000008000b14       0x28 d:/stm32/gnu mcu eclipse/arm embedded gcc/8.2.1-1.4-20190214-0604/bin/../lib/gcc/arm-none-eabi/8.2.1/thumb/v7-m/nofp/crtbegin.o
 .text.frame_dummy
                0x0000000008000b3c       0x24 d:/stm32/gnu mcu eclipse/arm embedded gcc/8.2.1-1.4-20190214-0604/bin/../lib/gcc/arm-none-eabi/8.2.1/thumb/v7-m/nofp/crtbegin.o
 .text.MX_GPIO_Init
                0x0000000008000b60      0x108 build/main.o
 .text.MX_TIM2_Init
                0x0000000008000c68       0x60 build/main.o
 .text.SystemClock_Config
                0x0000000008000cc8       0x66 build/main.o
                0x0000000008000cc8                SystemClock_Config
 *fill*         0x0000000008000d2e        0x2 
 .text.main     0x0000000008000d30       0x40 build/main.o
                0x0000000008000d30                main
 .text.GetPsData
                0x0000000008000d70       0x3c build/main.o
                0x0000000008000d70                GetPsData
 .text.StartDefaultTask
                0x0000000008000dac       0x9c build/main.o
                0x0000000008000dac                StartDefaultTask
 .text.delayMicroseconds
                0x0000000008000e48       0x14 build/main.o
                0x0000000008000e48                delayMicroseconds
 .text.HAL_TIM_PeriodElapsedCallback
                0x0000000008000e5c       0x18 build/main.o
                0x0000000008000e5c                HAL_TIM_PeriodElapsedCallback
 .text.Error_Handler
                0x0000000008000e74        0x2 build/main.o
                0x0000000008000e74                Error_Handler
 *fill*         0x0000000008000e76        0x2 
 .text.MX_USB_DEVICE_Init
                0x0000000008000e78       0x40 build/usb_device.o
                0x0000000008000e78                MX_USB_DEVICE_Init
 .text.USBD_Get_USB_Status
                0x0000000008000eb8       0x18 build/usbd_conf.o
 .text.HAL_PCD_MspInit
                0x0000000008000ed0       0x40 build/usbd_conf.o
                0x0000000008000ed0                HAL_PCD_MspInit
 .text.HAL_PCD_SetupStageCallback
                0x0000000008000f10       0x10 build/usbd_conf.o
                0x0000000008000f10                HAL_PCD_SetupStageCallback
 .text.HAL_PCD_DataOutStageCallback
                0x0000000008000f20       0x18 build/usbd_conf.o
                0x0000000008000f20                HAL_PCD_DataOutStageCallback
 .text.HAL_PCD_DataInStageCallback
                0x0000000008000f38       0x16 build/usbd_conf.o
                0x0000000008000f38                HAL_PCD_DataInStageCallback
 .text.HAL_PCD_SOFCallback
                0x0000000008000f4e        0xc build/usbd_conf.o
                0x0000000008000f4e                HAL_PCD_SOFCallback
 .text.HAL_PCD_ResetCallback
                0x0000000008000f5a       0x24 build/usbd_conf.o
                0x0000000008000f5a                HAL_PCD_ResetCallback
 *fill*         0x0000000008000f7e        0x2 
 .text.HAL_PCD_SuspendCallback
                0x0000000008000f80       0x20 build/usbd_conf.o
                0x0000000008000f80                HAL_PCD_SuspendCallback
 .text.HAL_PCD_ResumeCallback
                0x0000000008000fa0        0xc build/usbd_conf.o
                0x0000000008000fa0                HAL_PCD_ResumeCallback
 .text.USBD_LL_Init
                0x0000000008000fac       0x68 build/usbd_conf.o
                0x0000000008000fac                USBD_LL_Init
 .text.USBD_LL_Start
                0x0000000008001014       0x10 build/usbd_conf.o
                0x0000000008001014                USBD_LL_Start
 .text.USBD_LL_OpenEP
                0x0000000008001024       0x16 build/usbd_conf.o
                0x0000000008001024                USBD_LL_OpenEP
 .text.USBD_LL_CloseEP
                0x000000000800103a       0x10 build/usbd_conf.o
                0x000000000800103a                USBD_LL_CloseEP
 .text.USBD_LL_StallEP
                0x000000000800104a       0x10 build/usbd_conf.o
                0x000000000800104a                USBD_LL_StallEP
 .text.USBD_LL_ClearStallEP
                0x000000000800105a       0x10 build/usbd_conf.o
                0x000000000800105a                USBD_LL_ClearStallEP
 .text.USBD_LL_IsStallEP
                0x000000000800106a       0x2e build/usbd_conf.o
                0x000000000800106a                USBD_LL_IsStallEP
 .text.USBD_LL_SetUSBAddress
                0x0000000008001098       0x10 build/usbd_conf.o
                0x0000000008001098                USBD_LL_SetUSBAddress
 .text.USBD_LL_Transmit
                0x00000000080010a8       0x10 build/usbd_conf.o
                0x00000000080010a8                USBD_LL_Transmit
 .text.USBD_LL_PrepareReceive
                0x00000000080010b8       0x10 build/usbd_conf.o
                0x00000000080010b8                USBD_LL_PrepareReceive
 .text.USBD_static_malloc
                0x00000000080010c8        0x8 build/usbd_conf.o
                0x00000000080010c8                USBD_static_malloc
 .text.USBD_static_free
                0x00000000080010d0        0x2 build/usbd_conf.o
                0x00000000080010d0                USBD_static_free
 .text.HAL_PCDEx_SetConnectionState
                0x00000000080010d2        0x2 build/usbd_conf.o
                0x00000000080010d2                HAL_PCDEx_SetConnectionState
 .text.USBD_FS_DeviceDescriptor
                0x00000000080010d4        0xc build/usbd_desc.o
                0x00000000080010d4                USBD_FS_DeviceDescriptor
 .text.USBD_FS_LangIDStrDescriptor
                0x00000000080010e0        0xc build/usbd_desc.o
                0x00000000080010e0                USBD_FS_LangIDStrDescriptor
 .text.IntToUnicode
                0x00000000080010ec       0x36 build/usbd_desc.o
 *fill*         0x0000000008001122        0x2 
 .text.Get_SerialNum
                0x0000000008001124       0x34 build/usbd_desc.o
 .text.USBD_FS_SerialStrDescriptor
                0x0000000008001158       0x14 build/usbd_desc.o
                0x0000000008001158                USBD_FS_SerialStrDescriptor
 .text.USBD_FS_ProductStrDescriptor
                0x000000000800116c       0x24 build/usbd_desc.o
                0x000000000800116c                USBD_FS_ProductStrDescriptor
 .text.USBD_FS_ManufacturerStrDescriptor
                0x0000000008001190       0x1c build/usbd_desc.o
                0x0000000008001190                USBD_FS_ManufacturerStrDescriptor
 .text.USBD_FS_ConfigStrDescriptor
                0x00000000080011ac       0x24 build/usbd_desc.o
                0x00000000080011ac                USBD_FS_ConfigStrDescriptor
 .text.USBD_FS_InterfaceStrDescriptor
                0x00000000080011d0       0x24 build/usbd_desc.o
                0x00000000080011d0                USBD_FS_InterfaceStrDescriptor
 .text.NMI_Handler
                0x00000000080011f4        0x2 build/stm32f1xx_it.o
                0x00000000080011f4                NMI_Handler
 .text.HardFault_Handler
                0x00000000080011f6        0x2 build/stm32f1xx_it.o
                0x00000000080011f6                HardFault_Handler
 .text.MemManage_Handler
                0x00000000080011f8        0x2 build/stm32f1xx_it.o
                0x00000000080011f8                MemManage_Handler
 .text.BusFault_Handler
                0x00000000080011fa        0x2 build/stm32f1xx_it.o
                0x00000000080011fa                BusFault_Handler
 .text.UsageFault_Handler
                0x00000000080011fc        0x2 build/stm32f1xx_it.o
                0x00000000080011fc                UsageFault_Handler
 .text.DebugMon_Handler
                0x00000000080011fe        0x2 build/stm32f1xx_it.o
                0x00000000080011fe                DebugMon_Handler
 .text.USB_LP_CAN1_RX0_IRQHandler
                0x0000000008001200       0x10 build/stm32f1xx_it.o
                0x0000000008001200                USB_LP_CAN1_RX0_IRQHandler
 .text.TIM3_IRQHandler
                0x0000000008001210       0x10 build/stm32f1xx_it.o
                0x0000000008001210                TIM3_IRQHandler
 .text.HAL_MspInit
                0x0000000008001220       0x54 build/stm32f1xx_hal_msp.o
                0x0000000008001220                HAL_MspInit
 .text.HAL_TIM_Base_MspInit
                0x0000000008001274       0x26 build/stm32f1xx_hal_msp.o
                0x0000000008001274                HAL_TIM_Base_MspInit
 *fill*         0x000000000800129a        0x2 
 .text.HAL_InitTick
                0x000000000800129c       0x7c build/stm32f1xx_hal_timebase_tim.o
                0x000000000800129c                HAL_InitTick
 .text.map      0x0000000008001318       0x3c build/PS2X_lib.o
                0x0000000008001318                map
 .text.Analog   0x0000000008001354        0xc build/PS2X_lib.o
                0x0000000008001354                Analog
 .text._gamepad_shiftinout
                0x0000000008001360       0xa0 build/PS2X_lib.o
                0x0000000008001360                _gamepad_shiftinout
 .text.sendCommandString
                0x0000000008001400       0x50 build/PS2X_lib.o
                0x0000000008001400                sendCommandString
 .text.reconfig_gamepad
                0x0000000008001450       0x58 build/PS2X_lib.o
                0x0000000008001450                reconfig_gamepad
 .text.read_gamepad
                0x00000000080014a8      0x1a4 build/PS2X_lib.o
                0x00000000080014a8                read_gamepad
 .text._read_gamepad
                0x000000000800164c        0xc build/PS2X_lib.o
                0x000000000800164c                _read_gamepad
 .text.config_gamepad
                0x0000000008001658      0x168 build/PS2X_lib.o
                0x0000000008001658                config_gamepad
 .text.HAL_PCD_EP_DB_Receive
                0x00000000080017c0      0x112 build/stm32f1xx_hal_pcd.o
 .text.HAL_PCD_Init
                0x00000000080018d2      0x10c build/stm32f1xx_hal_pcd.o
                0x00000000080018d2                HAL_PCD_Init
 .text.HAL_PCD_Start
                0x00000000080019de       0x32 build/stm32f1xx_hal_pcd.o
                0x00000000080019de                HAL_PCD_Start
 .text.HAL_PCD_EP_DB_Transmit
                0x0000000008001a10      0x2be build/stm32f1xx_hal_pcd.o
 .text.PCD_EP_ISR_Handler
                0x0000000008001cce      0x40e build/stm32f1xx_hal_pcd.o
 .text.HAL_PCD_SetAddress
                0x00000000080020dc       0x28 build/stm32f1xx_hal_pcd.o
                0x00000000080020dc                HAL_PCD_SetAddress
 .text.HAL_PCD_IRQHandler
                0x0000000008002104      0x1ce build/stm32f1xx_hal_pcd.o
                0x0000000008002104                HAL_PCD_IRQHandler
 .text.HAL_PCD_EP_Open
                0x00000000080022d2       0x74 build/stm32f1xx_hal_pcd.o
                0x00000000080022d2                HAL_PCD_EP_Open
 .text.HAL_PCD_EP_Close
                0x0000000008002346       0x62 build/stm32f1xx_hal_pcd.o
                0x0000000008002346                HAL_PCD_EP_Close
 .text.HAL_PCD_EP_Receive
                0x00000000080023a8       0x42 build/stm32f1xx_hal_pcd.o
                0x00000000080023a8                HAL_PCD_EP_Receive
 .text.HAL_PCD_EP_Transmit
                0x00000000080023ea       0x4a build/stm32f1xx_hal_pcd.o
                0x00000000080023ea                HAL_PCD_EP_Transmit
 .text.HAL_PCD_EP_SetStall
                0x0000000008002434       0x76 build/stm32f1xx_hal_pcd.o
                0x0000000008002434                HAL_PCD_EP_SetStall
 .text.HAL_PCD_EP_ClrStall
                0x00000000080024aa       0x74 build/stm32f1xx_hal_pcd.o
                0x00000000080024aa                HAL_PCD_EP_ClrStall
 .text.HAL_PCDEx_PMAConfig
                0x000000000800251e       0x3c build/stm32f1xx_hal_pcd_ex.o
                0x000000000800251e                HAL_PCDEx_PMAConfig
 .text.USB_CoreInit
                0x000000000800255a        0xe build/stm32f1xx_ll_usb.o
                0x000000000800255a                USB_CoreInit
 .text.USB_EnableGlobalInt
                0x0000000008002568       0x12 build/stm32f1xx_ll_usb.o
                0x0000000008002568                USB_EnableGlobalInt
 .text.USB_DisableGlobalInt
                0x000000000800257a       0x14 build/stm32f1xx_ll_usb.o
                0x000000000800257a                USB_DisableGlobalInt
 .text.USB_SetCurrentMode
                0x000000000800258e        0x4 build/stm32f1xx_ll_usb.o
                0x000000000800258e                USB_SetCurrentMode
 .text.USB_DevInit
                0x0000000008002592       0x26 build/stm32f1xx_ll_usb.o
                0x0000000008002592                USB_DevInit
 .text.USB_ActivateEndpoint
                0x00000000080025b8      0x330 build/stm32f1xx_ll_usb.o
                0x00000000080025b8                USB_ActivateEndpoint
 .text.USB_DeactivateEndpoint
                0x00000000080028e8      0x1d4 build/stm32f1xx_ll_usb.o
                0x00000000080028e8                USB_DeactivateEndpoint
 .text.USB_EPSetStall
                0x0000000008002abc       0x4a build/stm32f1xx_ll_usb.o
                0x0000000008002abc                USB_EPSetStall
 .text.USB_EPClearStall
                0x0000000008002b06       0xa2 build/stm32f1xx_ll_usb.o
                0x0000000008002b06                USB_EPClearStall
 .text.USB_SetDevAddress
                0x0000000008002ba8        0xc build/stm32f1xx_ll_usb.o
                0x0000000008002ba8                USB_SetDevAddress
 .text.USB_DevConnect
                0x0000000008002bb4        0x4 build/stm32f1xx_ll_usb.o
                0x0000000008002bb4                USB_DevConnect
 .text.USB_DevDisconnect
                0x0000000008002bb8        0x4 build/stm32f1xx_ll_usb.o
                0x0000000008002bb8                USB_DevDisconnect
 .text.USB_ReadInterrupts
                0x0000000008002bbc        0x6 build/stm32f1xx_ll_usb.o
                0x0000000008002bbc                USB_ReadInterrupts
 .text.USB_EP0_OutStart
                0x0000000008002bc2        0x4 build/stm32f1xx_ll_usb.o
                0x0000000008002bc2                USB_EP0_OutStart
 .text.USB_WritePMA
                0x0000000008002bc6       0x2a build/stm32f1xx_ll_usb.o
                0x0000000008002bc6                USB_WritePMA
 .text.USB_EPStartXfer
                0x0000000008002bf0      0x72c build/stm32f1xx_ll_usb.o
                0x0000000008002bf0                USB_EPStartXfer
 .text.USB_ReadPMA
                0x000000000800331c       0x2e build/stm32f1xx_ll_usb.o
                0x000000000800331c                USB_ReadPMA
 *fill*         0x000000000800334a        0x2 
 .text.HAL_Init
                0x000000000800334c       0x24 build/stm32f1xx_hal.o
                0x000000000800334c                HAL_Init
 .text.HAL_IncTick
                0x0000000008003370       0x18 build/stm32f1xx_hal.o
                0x0000000008003370                HAL_IncTick
 .text.HAL_GetTick
                0x0000000008003388        0xc build/stm32f1xx_hal.o
                0x0000000008003388                HAL_GetTick
 .text.HAL_Delay
                0x0000000008003394       0x28 build/stm32f1xx_hal.o
                0x0000000008003394                HAL_Delay
 .text.RCC_Delay
                0x00000000080033bc       0x2c build/stm32f1xx_hal_rcc.o
 .text.HAL_RCC_OscConfig
                0x00000000080033e8      0x410 build/stm32f1xx_hal_rcc.o
                0x00000000080033e8                HAL_RCC_OscConfig
 .text.HAL_RCC_GetSysClockFreq
                0x00000000080037f8       0x70 build/stm32f1xx_hal_rcc.o
                0x00000000080037f8                HAL_RCC_GetSysClockFreq
 .text.HAL_RCC_ClockConfig
                0x0000000008003868      0x16c build/stm32f1xx_hal_rcc.o
                0x0000000008003868                HAL_RCC_ClockConfig
 .text.HAL_RCC_GetHCLKFreq
                0x00000000080039d4        0xc build/stm32f1xx_hal_rcc.o
                0x00000000080039d4                HAL_RCC_GetHCLKFreq
 .text.HAL_RCC_GetPCLK1Freq
                0x00000000080039e0       0x20 build/stm32f1xx_hal_rcc.o
                0x00000000080039e0                HAL_RCC_GetPCLK1Freq
 .text.HAL_RCC_GetClockConfig
                0x0000000008003a00       0x3c build/stm32f1xx_hal_rcc.o
                0x0000000008003a00                HAL_RCC_GetClockConfig
 .text.HAL_RCCEx_PeriphCLKConfig
                0x0000000008003a3c      0x114 build/stm32f1xx_hal_rcc_ex.o
                0x0000000008003a3c                HAL_RCCEx_PeriphCLKConfig
 .text.HAL_GPIO_Init
                0x0000000008003b50      0x1d8 build/stm32f1xx_hal_gpio.o
                0x0000000008003b50                HAL_GPIO_Init
 .text.HAL_GPIO_ReadPin
                0x0000000008003d28        0xe build/stm32f1xx_hal_gpio.o
                0x0000000008003d28                HAL_GPIO_ReadPin
 .text.HAL_GPIO_WritePin
                0x0000000008003d36        0xc build/stm32f1xx_hal_gpio.o
                0x0000000008003d36                HAL_GPIO_WritePin
 *fill*         0x0000000008003d42        0x2 
 .text.HAL_NVIC_SetPriorityGrouping
                0x0000000008003d44       0x24 build/stm32f1xx_hal_cortex.o
                0x0000000008003d44                HAL_NVIC_SetPriorityGrouping
 .text.HAL_NVIC_SetPriority
                0x0000000008003d68       0x68 build/stm32f1xx_hal_cortex.o
                0x0000000008003d68                HAL_NVIC_SetPriority
 .text.HAL_NVIC_EnableIRQ
                0x0000000008003dd0       0x1c build/stm32f1xx_hal_cortex.o
                0x0000000008003dd0                HAL_NVIC_EnableIRQ
 .text.TIM_TI1_ConfigInputStage
                0x0000000008003dec       0x24 build/stm32f1xx_hal_tim.o
 .text.TIM_TI2_ConfigInputStage
                0x0000000008003e10       0x26 build/stm32f1xx_hal_tim.o
 .text.TIM_ITRx_SetConfig
                0x0000000008003e36       0x10 build/stm32f1xx_hal_tim.o
 *fill*         0x0000000008003e46        0x2 
 .text.HAL_TIM_Base_Start
                0x0000000008003e48       0x5c build/stm32f1xx_hal_tim.o
                0x0000000008003e48                HAL_TIM_Base_Start
 .text.HAL_TIM_Base_Start_IT
                0x0000000008003ea4       0x68 build/stm32f1xx_hal_tim.o
                0x0000000008003ea4                HAL_TIM_Base_Start_IT
 .text.HAL_TIM_OC_DelayElapsedCallback
                0x0000000008003f0c        0x2 build/stm32f1xx_hal_tim.o
                0x0000000008003f0c                HAL_TIM_OC_DelayElapsedCallback
 .text.HAL_TIM_IC_CaptureCallback
                0x0000000008003f0e        0x2 build/stm32f1xx_hal_tim.o
                0x0000000008003f0e                HAL_TIM_IC_CaptureCallback
 .text.HAL_TIM_PWM_PulseFinishedCallback
                0x0000000008003f10        0x2 build/stm32f1xx_hal_tim.o
                0x0000000008003f10                HAL_TIM_PWM_PulseFinishedCallback
 .text.HAL_TIM_TriggerCallback
                0x0000000008003f12        0x2 build/stm32f1xx_hal_tim.o
                0x0000000008003f12                HAL_TIM_TriggerCallback
 .text.HAL_TIM_IRQHandler
                0x0000000008003f14      0x17a build/stm32f1xx_hal_tim.o
                0x0000000008003f14                HAL_TIM_IRQHandler
 *fill*         0x000000000800408e        0x2 
 .text.TIM_Base_SetConfig
                0x0000000008004090       0x74 build/stm32f1xx_hal_tim.o
                0x0000000008004090                TIM_Base_SetConfig
 .text.HAL_TIM_Base_Init
                0x0000000008004104       0x58 build/stm32f1xx_hal_tim.o
                0x0000000008004104                HAL_TIM_Base_Init
 .text.TIM_ETR_SetConfig
                0x000000000800415c       0x16 build/stm32f1xx_hal_tim.o
                0x000000000800415c                TIM_ETR_SetConfig
 .text.HAL_TIM_ConfigClockSource
                0x0000000008004172       0xdc build/stm32f1xx_hal_tim.o
                0x0000000008004172                HAL_TIM_ConfigClockSource
 *fill*         0x000000000800424e        0x2 
 .text.HAL_TIMEx_MasterConfigSynchronization
                0x0000000008004250       0x68 build/stm32f1xx_hal_tim_ex.o
                0x0000000008004250                HAL_TIMEx_MasterConfigSynchronization
 .text.HAL_TIMEx_CommutCallback
                0x00000000080042b8        0x2 build/stm32f1xx_hal_tim_ex.o
                0x00000000080042b8                HAL_TIMEx_CommutCallback
 .text.HAL_TIMEx_BreakCallback
                0x00000000080042ba        0x2 build/stm32f1xx_hal_tim_ex.o
                0x00000000080042ba                HAL_TIMEx_BreakCallback
 .text.SystemInit
                0x00000000080042bc        0x2 build/system_stm32f1xx.o
                0x00000000080042bc                SystemInit
 .text.vListInitialise
                0x00000000080042be       0x16 build/list.o
                0x00000000080042be                vListInitialise
 .text.vListInitialiseItem
                0x00000000080042d4        0x6 build/list.o
                0x00000000080042d4                vListInitialiseItem
 .text.vListInsertEnd
                0x00000000080042da       0x16 build/list.o
                0x00000000080042da                vListInsertEnd
 .text.vListInsert
                0x00000000080042f0       0x34 build/list.o
                0x00000000080042f0                vListInsert
 .text.uxListRemove
                0x0000000008004324       0x26 build/list.o
                0x0000000008004324                uxListRemove
 .text.prvIsQueueFull
                0x000000000800434a       0x1e build/queue.o
 .text.prvIsQueueEmpty
                0x0000000008004368       0x1a build/queue.o
 .text.prvCopyDataToQueue
                0x0000000008004382       0x76 build/queue.o
 .text.prvCopyDataFromQueue
                0x00000000080043f8       0x24 build/queue.o
 .text.prvUnlockQueue
                0x000000000800441c       0x6e build/queue.o
 *fill*         0x000000000800448a        0x2 
 .text.xQueueGenericReset
                0x000000000800448c       0x84 build/queue.o
                0x000000000800448c                xQueueGenericReset
 .text.prvInitialiseNewQueue
                0x0000000008004510       0x22 build/queue.o
 .text.xQueueGenericCreateStatic
                0x0000000008004532       0x92 build/queue.o
                0x0000000008004532                xQueueGenericCreateStatic
 .text.xQueueGenericSend
                0x00000000080045c4      0x180 build/queue.o
                0x00000000080045c4                xQueueGenericSend
 .text.xQueueGenericSendFromISR
                0x0000000008004744       0xce build/queue.o
                0x0000000008004744                xQueueGenericSendFromISR
 *fill*         0x0000000008004812        0x2 
 .text.xQueueReceive
                0x0000000008004814      0x15c build/queue.o
                0x0000000008004814                xQueueReceive
 .text.vQueueAddToRegistry
                0x0000000008004970       0x28 build/queue.o
                0x0000000008004970                vQueueAddToRegistry
 .text.vQueueWaitForMessageRestricted
                0x0000000008004998       0x52 build/queue.o
                0x0000000008004998                vQueueWaitForMessageRestricted
 *fill*         0x00000000080049ea        0x2 
 .text.prvResetNextTaskUnblockTime
                0x00000000080049ec       0x2c build/tasks.o
 .text.prvInitialiseNewTask
                0x0000000008004a18       0x8e build/tasks.o
 *fill*         0x0000000008004aa6        0x2 
 .text.prvInitialiseTaskLists
                0x0000000008004aa8       0x68 build/tasks.o
 .text.prvAddNewTaskToReadyList
                0x0000000008004b10       0xac build/tasks.o
 .text.prvDeleteTCB
                0x0000000008004bbc       0x38 build/tasks.o
 .text.prvCheckTasksWaitingTermination
                0x0000000008004bf4       0x4c build/tasks.o
 .text.prvIdleTask
                0x0000000008004c40       0x28 build/tasks.o
 .text.prvAddCurrentTaskToDelayedList
                0x0000000008004c68       0x7c build/tasks.o
 .text.xTaskCreateStatic
                0x0000000008004ce4       0x72 build/tasks.o
                0x0000000008004ce4                xTaskCreateStatic
 .text.xTaskCreate
                0x0000000008004d56       0x66 build/tasks.o
                0x0000000008004d56                xTaskCreate
 .text.vTaskStartScheduler
                0x0000000008004dbc       0x94 build/tasks.o
                0x0000000008004dbc                vTaskStartScheduler
 .text.vTaskSuspendAll
                0x0000000008004e50       0x10 build/tasks.o
                0x0000000008004e50                vTaskSuspendAll
 .text.xTaskGetTickCount
                0x0000000008004e60        0xc build/tasks.o
                0x0000000008004e60                xTaskGetTickCount
 .text.xTaskIncrementTick
                0x0000000008004e6c      0x118 build/tasks.o
                0x0000000008004e6c                xTaskIncrementTick
 .text.xTaskResumeAll
                0x0000000008004f84       0xfc build/tasks.o
                0x0000000008004f84                xTaskResumeAll
 .text.vTaskDelay
                0x0000000008005080       0x4c build/tasks.o
                0x0000000008005080                vTaskDelay
 .text.vTaskSwitchContext
                0x00000000080050cc       0x98 build/tasks.o
                0x00000000080050cc                vTaskSwitchContext
 .text.vTaskPlaceOnEventList
                0x0000000008005164       0x30 build/tasks.o
                0x0000000008005164                vTaskPlaceOnEventList
 .text.vTaskPlaceOnEventListRestricted
                0x0000000008005194       0x38 build/tasks.o
                0x0000000008005194                vTaskPlaceOnEventListRestricted
 .text.xTaskRemoveFromEventList
                0x00000000080051cc       0x8c build/tasks.o
                0x00000000080051cc                xTaskRemoveFromEventList
 .text.vTaskInternalSetTimeOutState
                0x0000000008005258       0x18 build/tasks.o
                0x0000000008005258                vTaskInternalSetTimeOutState
 .text.xTaskCheckForTimeOut
                0x0000000008005270       0x84 build/tasks.o
                0x0000000008005270                xTaskCheckForTimeOut
 .text.vTaskMissedYield
                0x00000000080052f4        0xc build/tasks.o
                0x00000000080052f4                vTaskMissedYield
 .text.xTaskGetSchedulerState
                0x0000000008005300       0x20 build/tasks.o
                0x0000000008005300                xTaskGetSchedulerState
 .text.xTaskPriorityDisinherit
                0x0000000008005320       0x90 build/tasks.o
                0x0000000008005320                xTaskPriorityDisinherit
 .text.prvGetNextExpireTime
                0x00000000080053b0       0x20 build/timers.o
 .text.prvInsertTimerInActiveList
                0x00000000080053d0       0x48 build/timers.o
 .text.prvCheckForValidListAndQueue
                0x0000000008005418       0x70 build/timers.o
 .text.xTimerCreateTimerTask
                0x0000000008005488       0x64 build/timers.o
                0x0000000008005488                xTimerCreateTimerTask
 .text.xTimerGenericCommand
                0x00000000080054ec       0x6c build/timers.o
                0x00000000080054ec                xTimerGenericCommand
 .text.prvSwitchTimerLists
                0x0000000008005558       0x78 build/timers.o
 .text.prvSampleTimeNow
                0x00000000080055d0       0x2c build/timers.o
 .text.prvProcessExpiredTimer
                0x00000000080055fc       0x60 build/timers.o
 .text.prvProcessTimerOrBlockTask
                0x000000000800565c       0x74 build/timers.o
 .text.prvProcessReceivedCommands
                0x00000000080056d0       0xfc build/timers.o
 .text.prvTimerTask
                0x00000000080057cc       0x16 build/timers.o
 *fill*         0x00000000080057e2        0x2 
 .text.osKernelInitialize
                0x00000000080057e4       0x44 build/cmsis_os2.o
                0x00000000080057e4                osKernelInitialize
 .text.osKernelStart
                0x0000000008005828       0x4c build/cmsis_os2.o
                0x0000000008005828                osKernelStart
 .text.osThreadNew
                0x0000000008005874       0xec build/cmsis_os2.o
                0x0000000008005874                osThreadNew
 .text.osDelay  0x0000000008005960       0x44 build/cmsis_os2.o
                0x0000000008005960                osDelay
 .text.vApplicationGetIdleTaskMemory
                0x00000000080059a4       0x18 build/cmsis_os2.o
                0x00000000080059a4                vApplicationGetIdleTaskMemory
 .text.vApplicationGetTimerTaskMemory
                0x00000000080059bc       0x18 build/cmsis_os2.o
                0x00000000080059bc                vApplicationGetTimerTaskMemory
 .text.prvHeapInit
                0x00000000080059d4       0x64 build/heap_4.o
 .text.prvInsertBlockIntoFreeList
                0x0000000008005a38       0x58 build/heap_4.o
 .text.pvPortMalloc
                0x0000000008005a90      0x108 build/heap_4.o
                0x0000000008005a90                pvPortMalloc
 .text.vPortFree
                0x0000000008005b98       0x70 build/heap_4.o
                0x0000000008005b98                vPortFree
 .text.prvTaskExitError
                0x0000000008005c08       0x40 build/port.o
 .text.prvPortStartFirstTask
                0x0000000008005c48       0x20 build/port.o
 .text.pxPortInitialiseStack
                0x0000000008005c68       0x24 build/port.o
                0x0000000008005c68                pxPortInitialiseStack
 *fill*         0x0000000008005c8c        0x4 
 .text.SVC_Handler
                0x0000000008005c90       0x24 build/port.o
                0x0000000008005c90                SVC_Handler
 .text.vPortEnterCritical
                0x0000000008005cb4       0x44 build/port.o
                0x0000000008005cb4                vPortEnterCritical
 .text.vPortExitCritical
                0x0000000008005cf8       0x2c build/port.o
                0x0000000008005cf8                vPortExitCritical
 *fill*         0x0000000008005d24        0xc 
 .text.PendSV_Handler
                0x0000000008005d30       0x44 build/port.o
                0x0000000008005d30                PendSV_Handler
 .text.SysTick_Handler
                0x0000000008005d74       0x2c build/port.o
                0x0000000008005d74                SysTick_Handler
 .text.vPortSetupTimerInterrupt
                0x0000000008005da0       0x38 build/port.o
                0x0000000008005da0                vPortSetupTimerInterrupt
 .text.xPortStartScheduler
                0x0000000008005dd8       0xb8 build/port.o
                0x0000000008005dd8                xPortStartScheduler
 .text.vPortValidateInterruptPriority
                0x0000000008005e90       0x5c build/port.o
                0x0000000008005e90                vPortValidateInterruptPriority
 .text.USBD_Init
                0x0000000008005eec       0x2e build/usbd_core.o
                0x0000000008005eec                USBD_Init
 .text.USBD_RegisterClass
                0x0000000008005f1a        0xe build/usbd_core.o
                0x0000000008005f1a                USBD_RegisterClass
 .text.USBD_Start
                0x0000000008005f28        0xa build/usbd_core.o
                0x0000000008005f28                USBD_Start
 .text.USBD_SetClassConfig
                0x0000000008005f32       0x1a build/usbd_core.o
                0x0000000008005f32                USBD_SetClassConfig
 .text.USBD_ClrClassConfig
                0x0000000008005f4c        0xe build/usbd_core.o
                0x0000000008005f4c                USBD_ClrClassConfig
 .text.USBD_LL_SetupStage
                0x0000000008005f5a       0x5c build/usbd_core.o
                0x0000000008005f5a                USBD_LL_SetupStage
 .text.USBD_LL_DataOutStage
                0x0000000008005fb6       0x94 build/usbd_core.o
                0x0000000008005fb6                USBD_LL_DataOutStage
 .text.USBD_LL_DataInStage
                0x000000000800604a       0xd4 build/usbd_core.o
                0x000000000800604a                USBD_LL_DataInStage
 .text.USBD_LL_Reset
                0x000000000800611e       0x50 build/usbd_core.o
                0x000000000800611e                USBD_LL_Reset
 .text.USBD_LL_SetSpeed
                0x000000000800616e        0x6 build/usbd_core.o
                0x000000000800616e                USBD_LL_SetSpeed
 .text.USBD_LL_Suspend
                0x0000000008006174       0x12 build/usbd_core.o
                0x0000000008006174                USBD_LL_Suspend
 .text.USBD_LL_Resume
                0x0000000008006186       0x16 build/usbd_core.o
                0x0000000008006186                USBD_LL_Resume
 .text.USBD_LL_SOF
                0x000000000800619c       0x1c build/usbd_core.o
                0x000000000800619c                USBD_LL_SOF
 .text.USBD_GetLen
                0x00000000080061b8       0x12 build/usbd_ctlreq.o
 .text.USBD_SetFeature
                0x00000000080061ca       0x14 build/usbd_ctlreq.o
 .text.USBD_ParseSetupRequest
                0x00000000080061de       0x28 build/usbd_ctlreq.o
                0x00000000080061de                USBD_ParseSetupRequest
 .text.USBD_CtlError
                0x0000000008006206       0x14 build/usbd_ctlreq.o
                0x0000000008006206                USBD_CtlError
 .text.USBD_GetDescriptor
                0x000000000800621a      0x186 build/usbd_ctlreq.o
 .text.USBD_SetAddress
                0x00000000080063a0       0x4e build/usbd_ctlreq.o
 *fill*         0x00000000080063ee        0x2 
 .text.USBD_SetConfig
                0x00000000080063f0       0xb0 build/usbd_ctlreq.o
 .text.USBD_GetConfig
                0x00000000080064a0       0x3e build/usbd_ctlreq.o
 .text.USBD_GetStatus
                0x00000000080064de       0x38 build/usbd_ctlreq.o
 .text.USBD_ClrFeature
                0x0000000008006516       0x26 build/usbd_ctlreq.o
 .text.USBD_StdDevReq
                0x000000000800653c       0x68 build/usbd_ctlreq.o
                0x000000000800653c                USBD_StdDevReq
 .text.USBD_StdItfReq
                0x00000000080065a4       0x60 build/usbd_ctlreq.o
                0x00000000080065a4                USBD_StdItfReq
 .text.USBD_StdEPReq
                0x0000000008006604      0x210 build/usbd_ctlreq.o
                0x0000000008006604                USBD_StdEPReq
 .text.USBD_GetString
                0x0000000008006814       0x36 build/usbd_ctlreq.o
                0x0000000008006814                USBD_GetString
 .text.USBD_CtlSendData
                0x000000000800684a       0x1a build/usbd_ioreq.o
                0x000000000800684a                USBD_CtlSendData
 .text.USBD_CtlContinueSendData
                0x0000000008006864       0x10 build/usbd_ioreq.o
                0x0000000008006864                USBD_CtlContinueSendData
 .text.USBD_CtlContinueRx
                0x0000000008006874       0x10 build/usbd_ioreq.o
                0x0000000008006874                USBD_CtlContinueRx
 .text.USBD_CtlSendStatus
                0x0000000008006884       0x16 build/usbd_ioreq.o
                0x0000000008006884                USBD_CtlSendStatus
 .text.USBD_CtlReceiveStatus
                0x000000000800689a       0x16 build/usbd_ioreq.o
                0x000000000800689a                USBD_CtlReceiveStatus
 .text.USBD_HID_GetFSCfgDesc
                0x00000000080068b0        0xc build/usbd_hid.o
 .text.USBD_HID_GetHSCfgDesc
                0x00000000080068bc        0xc build/usbd_hid.o
 .text.USBD_HID_GetOtherSpeedCfgDesc
                0x00000000080068c8        0xc build/usbd_hid.o
 .text.USBD_HID_DataIn
                0x00000000080068d4        0xa build/usbd_hid.o
 *fill*         0x00000000080068de        0x2 
 .text.USBD_HID_GetDeviceQualifierDesc
                0x00000000080068e0        0xc build/usbd_hid.o
 .text.USBD_HID_Setup
                0x00000000080068ec      0x118 build/usbd_hid.o
 .text.USBD_HID_DeInit
                0x0000000008006a04       0x22 build/usbd_hid.o
 .text.USBD_HID_Init
                0x0000000008006a26       0x2a build/usbd_hid.o
 .text.USBD_HID_SendReport
                0x0000000008006a50       0x28 build/usbd_hid.o
                0x0000000008006a50                USBD_HID_SendReport
 .text.Reset_Handler
                0x0000000008006a78       0x48 build/startup_stm32f103xb.o
                0x0000000008006a78                Reset_Handler
 .text.Default_Handler
                0x0000000008006ac0        0x2 build/startup_stm32f103xb.o
                0x0000000008006ac0                RTC_Alarm_IRQHandler
                0x0000000008006ac0                EXTI2_IRQHandler
                0x0000000008006ac0                TIM1_CC_IRQHandler
                0x0000000008006ac0                PVD_IRQHandler
                0x0000000008006ac0                EXTI3_IRQHandler
                0x0000000008006ac0                EXTI0_IRQHandler
                0x0000000008006ac0                I2C2_EV_IRQHandler
                0x0000000008006ac0                ADC1_2_IRQHandler
                0x0000000008006ac0                SPI1_IRQHandler
                0x0000000008006ac0                TAMPER_IRQHandler
                0x0000000008006ac0                DMA1_Channel4_IRQHandler
                0x0000000008006ac0                USART3_IRQHandler
                0x0000000008006ac0                RTC_IRQHandler
                0x0000000008006ac0                DMA1_Channel7_IRQHandler
                0x0000000008006ac0                CAN1_RX1_IRQHandler
                0x0000000008006ac0                TIM4_IRQHandler
                0x0000000008006ac0                I2C1_EV_IRQHandler
                0x0000000008006ac0                DMA1_Channel6_IRQHandler
                0x0000000008006ac0                RCC_IRQHandler
                0x0000000008006ac0                TIM1_TRG_COM_IRQHandler
                0x0000000008006ac0                DMA1_Channel1_IRQHandler
                0x0000000008006ac0                Default_Handler
                0x0000000008006ac0                EXTI15_10_IRQHandler
                0x0000000008006ac0                EXTI9_5_IRQHandler
                0x0000000008006ac0                SPI2_IRQHandler
                0x0000000008006ac0                DMA1_Channel5_IRQHandler
                0x0000000008006ac0                EXTI4_IRQHandler
                0x0000000008006ac0                USB_HP_CAN1_TX_IRQHandler
                0x0000000008006ac0                DMA1_Channel3_IRQHandler
                0x0000000008006ac0                TIM1_UP_IRQHandler
                0x0000000008006ac0                WWDG_IRQHandler
                0x0000000008006ac0                TIM2_IRQHandler
                0x0000000008006ac0                TIM1_BRK_IRQHandler
                0x0000000008006ac0                EXTI1_IRQHandler
                0x0000000008006ac0                USART2_IRQHandler
                0x0000000008006ac0                I2C2_ER_IRQHandler
                0x0000000008006ac0                DMA1_Channel2_IRQHandler
                0x0000000008006ac0                CAN1_SCE_IRQHandler
                0x0000000008006ac0                FLASH_IRQHandler
                0x0000000008006ac0                USART1_IRQHandler
                0x0000000008006ac0                I2C1_ER_IRQHandler
                0x0000000008006ac0                USBWakeUp_IRQHandler
 *fill*         0x0000000008006ac2        0x2 
 .text.__libc_init_array
                0x0000000008006ac4       0x48 d:/stm32/gnu mcu eclipse/arm embedded gcc/8.2.1-1.4-20190214-0604/bin/../lib/gcc/arm-none-eabi/8.2.1/../../../../arm-none-eabi/lib/thumb/v7-m/nofp\libc_nano.a(lib_a-init.o)
                0x0000000008006ac4                __libc_init_array
 .text.memcpy   0x0000000008006b0c       0x1c d:/stm32/gnu mcu eclipse/arm embedded gcc/8.2.1-1.4-20190214-0604/bin/../lib/gcc/arm-none-eabi/8.2.1/../../../../arm-none-eabi/lib/thumb/v7-m/nofp\libc_nano.a(lib_a-memcpy-stub.o)
                0x0000000008006b0c                memcpy
 .text.memset   0x0000000008006b28       0x10 d:/stm32/gnu mcu eclipse/arm embedded gcc/8.2.1-1.4-20190214-0604/bin/../lib/gcc/arm-none-eabi/8.2.1/../../../../arm-none-eabi/lib/thumb/v7-m/nofp\libc_nano.a(lib_a-memset.o)
                0x0000000008006b28                memset
 *(.glue_7)
 .glue_7        0x0000000008006b38        0x0 linker stubs
 *(.glue_7t)
 .glue_7t       0x0000000008006b38        0x0 linker stubs
 *(.eh_frame)
 .eh_frame      0x0000000008006b38        0x0 d:/stm32/gnu mcu eclipse/arm embedded gcc/8.2.1-1.4-20190214-0604/bin/../lib/gcc/arm-none-eabi/8.2.1/thumb/v7-m/nofp/crtbegin.o
 *(.init)
 .init          0x0000000008006b38        0x4 d:/stm32/gnu mcu eclipse/arm embedded gcc/8.2.1-1.4-20190214-0604/bin/../lib/gcc/arm-none-eabi/8.2.1/thumb/v7-m/nofp/crti.o
                0x0000000008006b38                _init
 .init          0x0000000008006b3c        0x8 d:/stm32/gnu mcu eclipse/arm embedded gcc/8.2.1-1.4-20190214-0604/bin/../lib/gcc/arm-none-eabi/8.2.1/thumb/v7-m/nofp/crtn.o
 *(.fini)
 .fini          0x0000000008006b44        0x4 d:/stm32/gnu mcu eclipse/arm embedded gcc/8.2.1-1.4-20190214-0604/bin/../lib/gcc/arm-none-eabi/8.2.1/thumb/v7-m/nofp/crti.o
                0x0000000008006b44                _fini
 .fini          0x0000000008006b48        0x8 d:/stm32/gnu mcu eclipse/arm embedded gcc/8.2.1-1.4-20190214-0604/bin/../lib/gcc/arm-none-eabi/8.2.1/thumb/v7-m/nofp/crtn.o
                0x0000000008006b50                . = ALIGN (0x4)
                0x0000000008006b50                _etext = .

.vfp11_veneer   0x0000000008006b50        0x0
 .vfp11_veneer  0x0000000008006b50        0x0 linker stubs

.v4_bx          0x0000000008006b50        0x0
 .v4_bx         0x0000000008006b50        0x0 linker stubs

.iplt           0x0000000008006b50        0x0
 .iplt          0x0000000008006b50        0x0 d:/stm32/gnu mcu eclipse/arm embedded gcc/8.2.1-1.4-20190214-0604/bin/../lib/gcc/arm-none-eabi/8.2.1/thumb/v7-m/nofp/crtbegin.o

.rodata         0x0000000008006b50       0xc4
                0x0000000008006b50                . = ALIGN (0x4)
 *(.rodata)
 .rodata        0x0000000008006b50       0x12 build/stm32f1xx_hal_rcc.o
 *(.rodata*)
 *fill*         0x0000000008006b62        0x2 
 .rodata.defaultTask_attributes
                0x0000000008006b64       0x24 build/main.o
                0x0000000008006b64                defaultTask_attributes
 .rodata.str1.4
                0x0000000008006b88        0xc build/main.o
 .rodata.USBD_FS_ConfigStrDescriptor.str1.4
                0x0000000008006b94        0xb build/usbd_desc.o
 *fill*         0x0000000008006b9f        0x1 
 .rodata.USBD_FS_InterfaceStrDescriptor.str1.4
                0x0000000008006ba0        0xe build/usbd_desc.o
 *fill*         0x0000000008006bae        0x2 
 .rodata.USBD_FS_ManufacturerStrDescriptor.str1.4
                0x0000000008006bb0       0x13 build/usbd_desc.o
 *fill*         0x0000000008006bc3        0x1 
 .rodata.USBD_FS_ProductStrDescriptor.str1.4
                0x0000000008006bc4       0x13 build/usbd_desc.o
 *fill*         0x0000000008006bd7        0x1 
 .rodata.type_read
                0x0000000008006bd8        0x9 build/PS2X_lib.o
 *fill*         0x0000000008006be1        0x3 
 .rodata.AHBPrescTable
                0x0000000008006be4       0x10 build/system_stm32f1xx.o
                0x0000000008006be4                AHBPrescTable
 .rodata.APBPrescTable
                0x0000000008006bf4        0x8 build/system_stm32f1xx.o
                0x0000000008006bf4                APBPrescTable
 .rodata.vTaskStartScheduler.str1.4
                0x0000000008006bfc        0x5 build/tasks.o
 *fill*         0x0000000008006c01        0x3 
 .rodata.prvCheckForValidListAndQueue.str1.4
                0x0000000008006c04        0x5 build/timers.o
 *fill*         0x0000000008006c09        0x3 
 .rodata.xTimerCreateTimerTask.str1.4
                0x0000000008006c0c        0x8 build/timers.o
                0x0000000008006c14                . = ALIGN (0x4)

.rel.dyn        0x0000000008006c14        0x0
 .rel.iplt      0x0000000008006c14        0x0 d:/stm32/gnu mcu eclipse/arm embedded gcc/8.2.1-1.4-20190214-0604/bin/../lib/gcc/arm-none-eabi/8.2.1/thumb/v7-m/nofp/crtbegin.o

.ARM.extab
 *(.ARM.extab* .gnu.linkonce.armextab.*)

.ARM            0x0000000008006c14        0x0
                0x0000000008006c14                __exidx_start = .
 *(.ARM.exidx*)
                0x0000000008006c14                __exidx_end = .

.preinit_array  0x0000000008006c14        0x0
                0x0000000008006c14                PROVIDE (__preinit_array_start = .)
 *(.preinit_array*)
                0x0000000008006c14                PROVIDE (__preinit_array_end = .)

.init_array     0x0000000008006c14        0x4
                0x0000000008006c14                PROVIDE (__init_array_start = .)
 *(SORT_BY_NAME(.init_array.*))
 *(.init_array*)
 .init_array    0x0000000008006c14        0x4 d:/stm32/gnu mcu eclipse/arm embedded gcc/8.2.1-1.4-20190214-0604/bin/../lib/gcc/arm-none-eabi/8.2.1/thumb/v7-m/nofp/crtbegin.o
                0x0000000008006c18                PROVIDE (__init_array_end = .)

.fini_array     0x0000000008006c18        0x4
                [!provide]                        PROVIDE (__fini_array_start = .)
 *(SORT_BY_NAME(.fini_array.*))
 *(.fini_array*)
 .fini_array    0x0000000008006c18        0x4 d:/stm32/gnu mcu eclipse/arm embedded gcc/8.2.1-1.4-20190214-0604/bin/../lib/gcc/arm-none-eabi/8.2.1/thumb/v7-m/nofp/crtbegin.o
                [!provide]                        PROVIDE (__fini_array_end = .)
                0x0000000008006c1c                _sidata = LOADADDR (.data)

.data           0x0000000020000000      0x18c load address 0x0000000008006c1c
                0x0000000020000000                . = ALIGN (0x4)
                0x0000000020000000                _sdata = .
 *(.data)
 *(.data*)
 .data.FS_Desc  0x0000000020000000       0x1c build/usbd_desc.o
                0x0000000020000000                FS_Desc
 .data.USBD_FS_DeviceDesc
                0x000000002000001c       0x12 build/usbd_desc.o
                0x000000002000001c                USBD_FS_DeviceDesc
 *fill*         0x000000002000002e        0x2 
 .data.USBD_LangIDDesc
                0x0000000020000030        0x4 build/usbd_desc.o
                0x0000000020000030                USBD_LangIDDesc
 .data.USBD_StringSerial
                0x0000000020000034       0x1a build/usbd_desc.o
                0x0000000020000034                USBD_StringSerial
 *fill*         0x000000002000004e        0x2 
 .data.enable_rumble
                0x0000000020000050        0x5 build/PS2X_lib.o
 *fill*         0x0000000020000055        0x3 
 .data.enter_config
                0x0000000020000058        0x5 build/PS2X_lib.o
 *fill*         0x000000002000005d        0x3 
 .data.exit_config
                0x0000000020000060        0x9 build/PS2X_lib.o
 *fill*         0x0000000020000069        0x3 
 .data.set_bytes_large
                0x000000002000006c        0x9 build/PS2X_lib.o
 *fill*         0x0000000020000075        0x3 
 .data.set_mode
                0x0000000020000078        0x9 build/PS2X_lib.o
 .data.uwTickFreq
                0x0000000020000081        0x1 build/stm32f1xx_hal.o
                0x0000000020000081                uwTickFreq
 *fill*         0x0000000020000082        0x2 
 .data.uwTickPrio
                0x0000000020000084        0x4 build/stm32f1xx_hal.o
                0x0000000020000084                uwTickPrio
 .data.SystemCoreClock
                0x0000000020000088        0x4 build/system_stm32f1xx.o
                0x0000000020000088                SystemCoreClock
 .data.uxCriticalNesting
                0x000000002000008c        0x4 build/port.o
 .data.HID_MOUSE_ReportDesc
                0x0000000020000090       0x3d build/usbd_hid.o
 *fill*         0x00000000200000cd        0x3 
 .data.USBD_HID
                0x00000000200000d0       0x38 build/usbd_hid.o
                0x00000000200000d0                USBD_HID
 .data.USBD_HID_CfgFSDesc
                0x0000000020000108       0x22 build/usbd_hid.o
 *fill*         0x000000002000012a        0x2 
 .data.USBD_HID_CfgHSDesc
                0x000000002000012c       0x22 build/usbd_hid.o
 *fill*         0x000000002000014e        0x2 
 .data.USBD_HID_Desc
                0x0000000020000150        0x9 build/usbd_hid.o
 *fill*         0x0000000020000159        0x3 
 .data.USBD_HID_DeviceQualifierDesc
                0x000000002000015c        0xa build/usbd_hid.o
 *fill*         0x0000000020000166        0x2 
 .data.USBD_HID_OtherSpeedCfgDesc
                0x0000000020000168       0x22 build/usbd_hid.o
                0x000000002000018c                . = ALIGN (0x4)
 *fill*         0x000000002000018a        0x2 
                0x000000002000018c                _edata = .

.tm_clone_table
                0x000000002000018c        0x0 load address 0x0000000008006da8
 .tm_clone_table
                0x000000002000018c        0x0 d:/stm32/gnu mcu eclipse/arm embedded gcc/8.2.1-1.4-20190214-0604/bin/../lib/gcc/arm-none-eabi/8.2.1/thumb/v7-m/nofp/crtbegin.o
 .tm_clone_table
                0x000000002000018c        0x0 d:/stm32/gnu mcu eclipse/arm embedded gcc/8.2.1-1.4-20190214-0604/bin/../lib/gcc/arm-none-eabi/8.2.1/thumb/v7-m/nofp/crtend.o

.igot.plt       0x000000002000018c        0x0 load address 0x0000000008006da8
 .igot.plt      0x000000002000018c        0x0 d:/stm32/gnu mcu eclipse/arm embedded gcc/8.2.1-1.4-20190214-0604/bin/../lib/gcc/arm-none-eabi/8.2.1/thumb/v7-m/nofp/crtbegin.o
                0x000000002000018c                . = ALIGN (0x4)

.bss            0x000000002000018c     0x2224 load address 0x0000000008006da8
                0x000000002000018c                _sbss = .
                0x000000002000018c                __bss_start__ = _sbss
 *(.bss)
 *(.bss*)
 .bss.completed.6707
                0x000000002000018c        0x1 d:/stm32/gnu mcu eclipse/arm embedded gcc/8.2.1-1.4-20190214-0604/bin/../lib/gcc/arm-none-eabi/8.2.1/thumb/v7-m/nofp/crtbegin.o
 *fill*         0x000000002000018d        0x3 
 .bss.object.6712
                0x0000000020000190       0x18 d:/stm32/gnu mcu eclipse/arm embedded gcc/8.2.1-1.4-20190214-0604/bin/../lib/gcc/arm-none-eabi/8.2.1/thumb/v7-m/nofp/crtbegin.o
 .bss.data_ready
                0x00000000200001a8        0x1 build/main.o
                0x00000000200001a8                data_ready
 *fill*         0x00000000200001a9        0x3 
 .bss.error     0x00000000200001ac        0x4 build/main.o
                0x00000000200001ac                error
 .bss.rc_data   0x00000000200001b0        0xa build/main.o
                0x00000000200001b0                rc_data
 *fill*         0x00000000200001ba        0x2 
 .bss.mem.8300  0x00000000200001bc       0x14 build/usbd_conf.o
 .bss.pxCurrentTCB
                0x00000000200001d0        0x4 build/tasks.o
                0x00000000200001d0                pxCurrentTCB
 .bss.pxDelayedTaskList
                0x00000000200001d4        0x4 build/tasks.o
 .bss.pxOverflowDelayedTaskList
                0x00000000200001d8        0x4 build/tasks.o
 .bss.pxReadyTasksLists
                0x00000000200001dc      0x460 build/tasks.o
 .bss.uxCurrentNumberOfTasks
                0x000000002000063c        0x4 build/tasks.o
 .bss.uxDeletedTasksWaitingCleanUp
                0x0000000020000640        0x4 build/tasks.o
 .bss.uxPendedTicks
                0x0000000020000644        0x4 build/tasks.o
 .bss.uxSchedulerSuspended
                0x0000000020000648        0x4 build/tasks.o
 .bss.uxTaskNumber
                0x000000002000064c        0x4 build/tasks.o
 .bss.uxTopReadyPriority
                0x0000000020000650        0x4 build/tasks.o
 .bss.xDelayedTaskList1
                0x0000000020000654       0x14 build/tasks.o
 .bss.xDelayedTaskList2
                0x0000000020000668       0x14 build/tasks.o
 .bss.xNextTaskUnblockTime
                0x000000002000067c        0x4 build/tasks.o
 .bss.xNumOfOverflows
                0x0000000020000680        0x4 build/tasks.o
 .bss.xPendingReadyList
                0x0000000020000684       0x14 build/tasks.o
 .bss.xSchedulerRunning
                0x0000000020000698        0x4 build/tasks.o
 .bss.xSuspendedTaskList
                0x000000002000069c       0x14 build/tasks.o
 .bss.xTasksWaitingTermination
                0x00000000200006b0       0x14 build/tasks.o
 .bss.xTickCount
                0x00000000200006c4        0x4 build/tasks.o
 .bss.xYieldPending
                0x00000000200006c8        0x4 build/tasks.o
 .bss.pxCurrentTimerList
                0x00000000200006cc        0x4 build/timers.o
 .bss.pxOverflowTimerList
                0x00000000200006d0        0x4 build/timers.o
 .bss.ucStaticTimerQueueStorage.5609
                0x00000000200006d4       0xa0 build/timers.o
 .bss.xActiveTimerList1
                0x0000000020000774       0x14 build/timers.o
 .bss.xActiveTimerList2
                0x0000000020000788       0x14 build/timers.o
 .bss.xLastTime.5558
                0x000000002000079c        0x4 build/timers.o
 .bss.xStaticTimerQueue.5608
                0x00000000200007a0       0x50 build/timers.o
 .bss.xTimerQueue
                0x00000000200007f0        0x4 build/timers.o
 .bss.xTimerTaskHandle
                0x00000000200007f4        0x4 build/timers.o
 .bss.Idle_Stack
                0x00000000200007f8      0x200 build/cmsis_os2.o
 .bss.Idle_TCB  0x00000000200009f8       0x5c build/cmsis_os2.o
 .bss.KernelState
                0x0000000020000a54        0x4 build/cmsis_os2.o
 .bss.Timer_Stack
                0x0000000020000a58      0x400 build/cmsis_os2.o
 .bss.Timer_TCB
                0x0000000020000e58       0x5c build/cmsis_os2.o
 .bss.pxEnd     0x0000000020000eb4        0x4 build/heap_4.o
 .bss.ucHeap    0x0000000020000eb8      0xc00 build/heap_4.o
 .bss.xBlockAllocatedBit
                0x0000000020001ab8        0x4 build/heap_4.o
 .bss.xFreeBytesRemaining
                0x0000000020001abc        0x4 build/heap_4.o
 .bss.xMinimumEverFreeBytesRemaining
                0x0000000020001ac0        0x4 build/heap_4.o
 .bss.xStart    0x0000000020001ac4        0x8 build/heap_4.o
 .bss.ucMaxSysCallPriority
                0x0000000020001acc        0x1 build/port.o
 *fill*         0x0000000020001acd        0x3 
 .bss.ulMaxPRIGROUPValue
                0x0000000020001ad0        0x4 build/port.o
 .bss.cfgidx.8263
                0x0000000020001ad4        0x1 build/usbd_ctlreq.o
 *(COMMON)
 *fill*         0x0000000020001ad5        0x3 
 COMMON         0x0000000020001ad8      0x360 build/main.o
                0x0000000020001ad8                hUsbDeviceFS
                0x0000000020001d9c                defaultTaskHandle
                0x0000000020001da0                en_Pressures
                0x0000000020001da1                controller_type
                0x0000000020001da4                _clk_lport_clr
                0x0000000020001da8                _att_lport_set
                0x0000000020001dac                i
                0x0000000020001dad                read_delay
                0x0000000020001db0                PS2data
                0x0000000020001dc6                last_buttons
                0x0000000020001dc8                _dat_mask
                0x0000000020001dca                buttons
                0x0000000020001dcc                en_Rumble
                0x0000000020001dd0                _cmd_lport_set
                0x0000000020001dd4                _cmd_mask
                0x0000000020001dd8                _att_lport_clr
                0x0000000020001ddc                _dat_lport
                0x0000000020001de0                htim2
                0x0000000020001e28                last_read
                0x0000000020001e2c                _att_mask
                0x0000000020001e2e                _clk_mask
                0x0000000020001e30                _clk_lport_set
                0x0000000020001e34                _cmd_lport_clr
 COMMON         0x0000000020001e38      0x2ec build/usbd_conf.o
                0x0000000020001e38                hpcd_USB_FS
 COMMON         0x0000000020002124      0x200 build/usbd_desc.o
                0x0000000020002124                USBD_StrDesc
 COMMON         0x0000000020002324       0x48 build/stm32f1xx_hal_timebase_tim.o
                0x0000000020002324                htim3
 COMMON         0x000000002000236c        0x4 build/stm32f1xx_hal.o
                0x000000002000236c                uwTick
 COMMON         0x0000000020002370       0x40 build/queue.o
                0x0000000020002370                xQueueRegistry
                0x00000000200023b0                . = ALIGN (0x4)
                0x00000000200023b0                _ebss = .
                0x00000000200023b0                __bss_end__ = _ebss

._user_heap_stack
                0x00000000200023b0     0x1a00 load address 0x0000000008006da8
                0x00000000200023b0                . = ALIGN (0x8)
                [!provide]                        PROVIDE (end = .)
                [!provide]                        PROVIDE (_end = .)
                0x0000000020002bb0                . = (. + _Min_Heap_Size)
 *fill*         0x00000000200023b0      0x800 
                0x0000000020003db0                . = (. + _Min_Stack_Size)
 *fill*         0x0000000020002bb0     0x1200 
                0x0000000020003db0                . = ALIGN (0x8)

/DISCARD/
 libc.a(*)
 libm.a(*)
 libgcc.a(*)

.ARM.attributes
                0x0000000000000000       0x29
 *(.ARM.attributes)
 .ARM.attributes
                0x0000000000000000       0x1d d:/stm32/gnu mcu eclipse/arm embedded gcc/8.2.1-1.4-20190214-0604/bin/../lib/gcc/arm-none-eabi/8.2.1/thumb/v7-m/nofp/crti.o
 .ARM.attributes
                0x000000000000001d       0x2d d:/stm32/gnu mcu eclipse/arm embedded gcc/8.2.1-1.4-20190214-0604/bin/../lib/gcc/arm-none-eabi/8.2.1/thumb/v7-m/nofp/crtbegin.o
 .ARM.attributes
                0x000000000000004a       0x2d build/main.o
 .ARM.attributes
                0x0000000000000077       0x2d build/usb_device.o
 .ARM.attributes
                0x00000000000000a4       0x2d build/usbd_conf.o
 .ARM.attributes
                0x00000000000000d1       0x2d build/usbd_desc.o
 .ARM.attributes
                0x00000000000000fe       0x2d build/stm32f1xx_it.o
 .ARM.attributes
                0x000000000000012b       0x2d build/stm32f1xx_hal_msp.o
 .ARM.attributes
                0x0000000000000158       0x2d build/stm32f1xx_hal_timebase_tim.o
 .ARM.attributes
                0x0000000000000185       0x2d build/PS2X_lib.o
 .ARM.attributes
                0x00000000000001b2       0x2d build/stm32f1xx_hal_pcd.o
 .ARM.attributes
                0x00000000000001df       0x2d build/stm32f1xx_hal_pcd_ex.o
 .ARM.attributes
                0x000000000000020c       0x2d build/stm32f1xx_ll_usb.o
 .ARM.attributes
                0x0000000000000239       0x2d build/stm32f1xx_hal.o
 .ARM.attributes
                0x0000000000000266       0x2d build/stm32f1xx_hal_rcc.o
 .ARM.attributes
                0x0000000000000293       0x2d build/stm32f1xx_hal_rcc_ex.o
 .ARM.attributes
                0x00000000000002c0       0x2d build/stm32f1xx_hal_gpio.o
 .ARM.attributes
                0x00000000000002ed       0x2d build/stm32f1xx_hal_cortex.o
 .ARM.attributes
                0x000000000000031a       0x2d build/stm32f1xx_hal_tim.o
 .ARM.attributes
                0x0000000000000347       0x2d build/stm32f1xx_hal_tim_ex.o
 .ARM.attributes
                0x0000000000000374       0x2d build/system_stm32f1xx.o
 .ARM.attributes
                0x00000000000003a1       0x2d build/list.o
 .ARM.attributes
                0x00000000000003ce       0x2d build/queue.o
 .ARM.attributes
                0x00000000000003fb       0x2d build/tasks.o
 .ARM.attributes
                0x0000000000000428       0x2d build/timers.o
 .ARM.attributes
                0x0000000000000455       0x2d build/cmsis_os2.o
 .ARM.attributes
                0x0000000000000482       0x2d build/heap_4.o
 .ARM.attributes
                0x00000000000004af       0x2d build/port.o
 .ARM.attributes
                0x00000000000004dc       0x2d build/usbd_core.o
 .ARM.attributes
                0x0000000000000509       0x2d build/usbd_ctlreq.o
 .ARM.attributes
                0x0000000000000536       0x2d build/usbd_ioreq.o
 .ARM.attributes
                0x0000000000000563       0x2d build/usbd_hid.o
 .ARM.attributes
                0x0000000000000590       0x21 build/startup_stm32f103xb.o
 .ARM.attributes
                0x00000000000005b1       0x2d d:/stm32/gnu mcu eclipse/arm embedded gcc/8.2.1-1.4-20190214-0604/bin/../lib/gcc/arm-none-eabi/8.2.1/../../../../arm-none-eabi/lib/thumb/v7-m/nofp\libc_nano.a(lib_a-init.o)
 .ARM.attributes
                0x00000000000005de       0x2d d:/stm32/gnu mcu eclipse/arm embedded gcc/8.2.1-1.4-20190214-0604/bin/../lib/gcc/arm-none-eabi/8.2.1/../../../../arm-none-eabi/lib/thumb/v7-m/nofp\libc_nano.a(lib_a-memcpy-stub.o)
 .ARM.attributes
                0x000000000000060b       0x2d d:/stm32/gnu mcu eclipse/arm embedded gcc/8.2.1-1.4-20190214-0604/bin/../lib/gcc/arm-none-eabi/8.2.1/../../../../arm-none-eabi/lib/thumb/v7-m/nofp\libc_nano.a(lib_a-memset.o)
 .ARM.attributes
                0x0000000000000638       0x1d d:/stm32/gnu mcu eclipse/arm embedded gcc/8.2.1-1.4-20190214-0604/bin/../lib/gcc/arm-none-eabi/8.2.1/thumb/v7-m/nofp\libgcc.a(_arm_addsubdf3.o)
 .ARM.attributes
                0x0000000000000655       0x1d d:/stm32/gnu mcu eclipse/arm embedded gcc/8.2.1-1.4-20190214-0604/bin/../lib/gcc/arm-none-eabi/8.2.1/thumb/v7-m/nofp\libgcc.a(_arm_cmpdf2.o)
 .ARM.attributes
                0x0000000000000672       0x1d d:/stm32/gnu mcu eclipse/arm embedded gcc/8.2.1-1.4-20190214-0604/bin/../lib/gcc/arm-none-eabi/8.2.1/thumb/v7-m/nofp\libgcc.a(_arm_fixunsdfsi.o)
 .ARM.attributes
                0x000000000000068f       0x1d d:/stm32/gnu mcu eclipse/arm embedded gcc/8.2.1-1.4-20190214-0604/bin/../lib/gcc/arm-none-eabi/8.2.1/thumb/v7-m/nofp\libgcc.a(_arm_addsubsf3.o)
 .ARM.attributes
                0x00000000000006ac       0x1d d:/stm32/gnu mcu eclipse/arm embedded gcc/8.2.1-1.4-20190214-0604/bin/../lib/gcc/arm-none-eabi/8.2.1/thumb/v7-m/nofp\libgcc.a(_arm_muldivsf3.o)
 .ARM.attributes
                0x00000000000006c9       0x1d d:/stm32/gnu mcu eclipse/arm embedded gcc/8.2.1-1.4-20190214-0604/bin/../lib/gcc/arm-none-eabi/8.2.1/thumb/v7-m/nofp\libgcc.a(_arm_fixunssfsi.o)
 .ARM.attributes
                0x00000000000006e6       0x2d d:/stm32/gnu mcu eclipse/arm embedded gcc/8.2.1-1.4-20190214-0604/bin/../lib/gcc/arm-none-eabi/8.2.1/thumb/v7-m/nofp/crtend.o
 .ARM.attributes
                0x0000000000000713       0x1d d:/stm32/gnu mcu eclipse/arm embedded gcc/8.2.1-1.4-20190214-0604/bin/../lib/gcc/arm-none-eabi/8.2.1/thumb/v7-m/nofp/crtn.o
OUTPUT(build/SPS_joystick.elf elf32-littlearm)

.debug_info     0x0000000000000000    0x2e51a
 .debug_info    0x0000000000000000     0x24e4 build/main.o
 .debug_info    0x00000000000024e4     0x10b8 build/usb_device.o
 .debug_info    0x000000000000359c     0x27a7 build/usbd_conf.o
 .debug_info    0x0000000000005d43     0x109f build/usbd_desc.o
 .debug_info    0x0000000000006de2      0xdb0 build/stm32f1xx_it.o
 .debug_info    0x0000000000007b92      0xb0b build/stm32f1xx_hal_msp.o
 .debug_info    0x000000000000869d      0xbbe build/stm32f1xx_hal_timebase_tim.o
 .debug_info    0x000000000000925b     0x125a build/PS2X_lib.o
 .debug_info    0x000000000000a4b5     0x1b52 build/stm32f1xx_hal_pcd.o
 .debug_info    0x000000000000c007      0x8a8 build/stm32f1xx_hal_pcd_ex.o
 .debug_info    0x000000000000c8af     0x1d35 build/stm32f1xx_ll_usb.o
 .debug_info    0x000000000000e5e4      0x8e4 build/stm32f1xx_hal.o
 .debug_info    0x000000000000eec8      0xb6d build/stm32f1xx_hal_rcc.o
 .debug_info    0x000000000000fa35      0x541 build/stm32f1xx_hal_rcc_ex.o
 .debug_info    0x000000000000ff76      0x7d1 build/stm32f1xx_hal_gpio.o
 .debug_info    0x0000000000010747      0xf09 build/stm32f1xx_hal_cortex.o
 .debug_info    0x0000000000011650     0x3ed9 build/stm32f1xx_hal_tim.o
 .debug_info    0x0000000000015529     0x1be6 build/stm32f1xx_hal_tim_ex.o
 .debug_info    0x000000000001710f      0x2f7 build/system_stm32f1xx.o
 .debug_info    0x0000000000017406      0xc9e build/list.o
 .debug_info    0x00000000000180a4     0x33e1 build/queue.o
 .debug_info    0x000000000001b485     0x3d01 build/tasks.o
 .debug_info    0x000000000001f186     0x249c build/timers.o
 .debug_info    0x0000000000021622     0x5d01 build/cmsis_os2.o
 .debug_info    0x0000000000027323      0xe81 build/heap_4.o
 .debug_info    0x00000000000281a4      0x5cd build/port.o
 .debug_info    0x0000000000028771     0x18e4 build/usbd_core.o
 .debug_info    0x000000000002a055     0x1bd9 build/usbd_ctlreq.o
 .debug_info    0x000000000002bc2e     0x12f1 build/usbd_ioreq.o
 .debug_info    0x000000000002cf1f     0x15d9 build/usbd_hid.o
 .debug_info    0x000000000002e4f8       0x22 build/startup_stm32f103xb.o

.debug_abbrev   0x0000000000000000     0x5668
 .debug_abbrev  0x0000000000000000      0x391 build/main.o
 .debug_abbrev  0x0000000000000391      0x21f build/usb_device.o
 .debug_abbrev  0x00000000000005b0      0x393 build/usbd_conf.o
 .debug_abbrev  0x0000000000000943      0x320 build/usbd_desc.o
 .debug_abbrev  0x0000000000000c63      0x1b6 build/stm32f1xx_it.o
 .debug_abbrev  0x0000000000000e19      0x1f7 build/stm32f1xx_hal_msp.o
 .debug_abbrev  0x0000000000001010      0x21c build/stm32f1xx_hal_timebase_tim.o
 .debug_abbrev  0x000000000000122c      0x3bc build/PS2X_lib.o
 .debug_abbrev  0x00000000000015e8      0x30e build/stm32f1xx_hal_pcd.o
 .debug_abbrev  0x00000000000018f6      0x1b1 build/stm32f1xx_hal_pcd_ex.o
 .debug_abbrev  0x0000000000001aa7      0x288 build/stm32f1xx_ll_usb.o
 .debug_abbrev  0x0000000000001d2f      0x21c build/stm32f1xx_hal.o
 .debug_abbrev  0x0000000000001f4b      0x2ad build/stm32f1xx_hal_rcc.o
 .debug_abbrev  0x00000000000021f8      0x1fb build/stm32f1xx_hal_rcc_ex.o
 .debug_abbrev  0x00000000000023f3      0x24f build/stm32f1xx_hal_gpio.o
 .debug_abbrev  0x0000000000002642      0x38a build/stm32f1xx_hal_cortex.o
 .debug_abbrev  0x00000000000029cc      0x2c3 build/stm32f1xx_hal_tim.o
 .debug_abbrev  0x0000000000002c8f      0x2ab build/stm32f1xx_hal_tim_ex.o
 .debug_abbrev  0x0000000000002f3a      0x153 build/system_stm32f1xx.o
 .debug_abbrev  0x000000000000308d      0x245 build/list.o
 .debug_abbrev  0x00000000000032d2      0x478 build/queue.o
 .debug_abbrev  0x000000000000374a      0x46d build/tasks.o
 .debug_abbrev  0x0000000000003bb7      0x3e4 build/timers.o
 .debug_abbrev  0x0000000000003f9b      0x4c1 build/cmsis_os2.o
 .debug_abbrev  0x000000000000445c      0x376 build/heap_4.o
 .debug_abbrev  0x00000000000047d2      0x2a6 build/port.o
 .debug_abbrev  0x0000000000004a78      0x316 build/usbd_core.o
 .debug_abbrev  0x0000000000004d8e      0x387 build/usbd_ctlreq.o
 .debug_abbrev  0x0000000000005115      0x229 build/usbd_ioreq.o
 .debug_abbrev  0x000000000000533e      0x318 build/usbd_hid.o
 .debug_abbrev  0x0000000000005656       0x12 build/startup_stm32f103xb.o

.debug_loc      0x0000000000000000    0x1e057
 .debug_loc     0x0000000000000000      0x1c0 build/main.o
 .debug_loc     0x00000000000001c0       0x20 build/usb_device.o
 .debug_loc     0x00000000000001e0      0xf19 build/usbd_conf.o
 .debug_loc     0x00000000000010f9      0x47b build/usbd_desc.o
 .debug_loc     0x0000000000001574       0x40 build/stm32f1xx_it.o
 .debug_loc     0x00000000000015b4       0x79 build/stm32f1xx_hal_msp.o
 .debug_loc     0x000000000000162d       0xcd build/stm32f1xx_hal_timebase_tim.o
 .debug_loc     0x00000000000016fa      0x733 build/PS2X_lib.o
 .debug_loc     0x0000000000001e2d     0x1600 build/stm32f1xx_hal_pcd.o
 .debug_loc     0x000000000000342d      0x162 build/stm32f1xx_hal_pcd_ex.o
 .debug_loc     0x000000000000358f     0x1ab4 build/stm32f1xx_ll_usb.o
 .debug_loc     0x0000000000005043      0x1e1 build/stm32f1xx_hal.o
 .debug_loc     0x0000000000005224      0x7e6 build/stm32f1xx_hal_rcc.o
 .debug_loc     0x0000000000005a0a      0x405 build/stm32f1xx_hal_rcc_ex.o
 .debug_loc     0x0000000000005e0f      0x548 build/stm32f1xx_hal_gpio.o
 .debug_loc     0x0000000000006357      0x76b build/stm32f1xx_hal_cortex.o
 .debug_loc     0x0000000000006ac2     0x6167 build/stm32f1xx_hal_tim.o
 .debug_loc     0x000000000000cc29     0x2425 build/stm32f1xx_hal_tim_ex.o
 .debug_loc     0x000000000000f04e       0xff build/system_stm32f1xx.o
 .debug_loc     0x000000000000f14d       0xbf build/list.o
 .debug_loc     0x000000000000f20c     0x2022 build/queue.o
 .debug_loc     0x000000000001122e     0x29ca build/tasks.o
 .debug_loc     0x0000000000013bf8     0x12d4 build/timers.o
 .debug_loc     0x0000000000014ecc     0x6291 build/cmsis_os2.o
 .debug_loc     0x000000000001b15d      0x3a8 build/heap_4.o
 .debug_loc     0x000000000001b505      0x16c build/port.o
 .debug_loc     0x000000000001b671      0x9d9 build/usbd_core.o
 .debug_loc     0x000000000001c04a     0x14a3 build/usbd_ctlreq.o
 .debug_loc     0x000000000001d4ed      0x364 build/usbd_ioreq.o
 .debug_loc     0x000000000001d851      0x806 build/usbd_hid.o

.debug_aranges  0x0000000000000000     0x1720
 .debug_aranges
                0x0000000000000000       0x60 build/main.o
 .debug_aranges
                0x0000000000000060       0x20 build/usb_device.o
 .debug_aranges
                0x0000000000000080      0x118 build/usbd_conf.o
 .debug_aranges
                0x0000000000000198       0x60 build/usbd_desc.o
 .debug_aranges
                0x00000000000001f8       0x58 build/stm32f1xx_it.o
 .debug_aranges
                0x0000000000000250       0x30 build/stm32f1xx_hal_msp.o
 .debug_aranges
                0x0000000000000280       0x30 build/stm32f1xx_hal_timebase_tim.o
 .debug_aranges
                0x00000000000002b0       0xa8 build/PS2X_lib.o
 .debug_aranges
                0x0000000000000358      0x138 build/stm32f1xx_hal_pcd.o
 .debug_aranges
                0x0000000000000490       0x38 build/stm32f1xx_hal_pcd_ex.o
 .debug_aranges
                0x00000000000004c8       0xf0 build/stm32f1xx_ll_usb.o
 .debug_aranges
                0x00000000000005b8       0xe0 build/stm32f1xx_hal.o
 .debug_aranges
                0x0000000000000698       0x90 build/stm32f1xx_hal_rcc.o
 .debug_aranges
                0x0000000000000728       0x30 build/stm32f1xx_hal_rcc_ex.o
 .debug_aranges
                0x0000000000000758       0x58 build/stm32f1xx_hal_gpio.o
 .debug_aranges
                0x00000000000007b0       0x90 build/stm32f1xx_hal_cortex.o
 .debug_aranges
                0x0000000000000840      0x3d0 build/stm32f1xx_hal_tim.o
 .debug_aranges
                0x0000000000000c10      0x168 build/stm32f1xx_hal_tim_ex.o
 .debug_aranges
                0x0000000000000d78       0x28 build/system_stm32f1xx.o
 .debug_aranges
                0x0000000000000da0       0x40 build/list.o
 .debug_aranges
                0x0000000000000de0      0x158 build/queue.o
 .debug_aranges
                0x0000000000000f38      0x1f8 build/tasks.o
 .debug_aranges
                0x0000000000001130       0xe0 build/timers.o
 .debug_aranges
                0x0000000000001210      0x228 build/cmsis_os2.o
 .debug_aranges
                0x0000000000001438       0x50 build/heap_4.o
 .debug_aranges
                0x0000000000001488       0x78 build/port.o
 .debug_aranges
                0x0000000000001500       0xb8 build/usbd_core.o
 .debug_aranges
                0x00000000000015b8       0x88 build/usbd_ctlreq.o
 .debug_aranges
                0x0000000000001640       0x50 build/usbd_ioreq.o
 .debug_aranges
                0x0000000000001690       0x68 build/usbd_hid.o
 .debug_aranges
                0x00000000000016f8       0x28 build/startup_stm32f103xb.o

.debug_ranges   0x0000000000000000     0x1b38
 .debug_ranges  0x0000000000000000       0x50 build/main.o
 .debug_ranges  0x0000000000000050       0x10 build/usb_device.o
 .debug_ranges  0x0000000000000060      0x108 build/usbd_conf.o
 .debug_ranges  0x0000000000000168       0x50 build/usbd_desc.o
 .debug_ranges  0x00000000000001b8       0x48 build/stm32f1xx_it.o
 .debug_ranges  0x0000000000000200       0x20 build/stm32f1xx_hal_msp.o
 .debug_ranges  0x0000000000000220       0x20 build/stm32f1xx_hal_timebase_tim.o
 .debug_ranges  0x0000000000000240      0x120 build/PS2X_lib.o
 .debug_ranges  0x0000000000000360      0x1d8 build/stm32f1xx_hal_pcd.o
 .debug_ranges  0x0000000000000538       0x28 build/stm32f1xx_hal_pcd_ex.o
 .debug_ranges  0x0000000000000560      0x318 build/stm32f1xx_ll_usb.o
 .debug_ranges  0x0000000000000878       0xd0 build/stm32f1xx_hal.o
 .debug_ranges  0x0000000000000948       0xa0 build/stm32f1xx_hal_rcc.o
 .debug_ranges  0x00000000000009e8       0x38 build/stm32f1xx_hal_rcc_ex.o
 .debug_ranges  0x0000000000000a20       0x48 build/stm32f1xx_hal_gpio.o
 .debug_ranges  0x0000000000000a68       0xc8 build/stm32f1xx_hal_cortex.o
 .debug_ranges  0x0000000000000b30      0x3c0 build/stm32f1xx_hal_tim.o
 .debug_ranges  0x0000000000000ef0      0x158 build/stm32f1xx_hal_tim_ex.o
 .debug_ranges  0x0000000000001048       0x18 build/system_stm32f1xx.o
 .debug_ranges  0x0000000000001060       0x30 build/list.o
 .debug_ranges  0x0000000000001090      0x218 build/queue.o
 .debug_ranges  0x00000000000012a8      0x328 build/tasks.o
 .debug_ranges  0x00000000000015d0       0xd0 build/timers.o
 .debug_ranges  0x00000000000016a0      0x218 build/cmsis_os2.o
 .debug_ranges  0x00000000000018b8       0x40 build/heap_4.o
 .debug_ranges  0x00000000000018f8       0x68 build/port.o
 .debug_ranges  0x0000000000001960       0xa8 build/usbd_core.o
 .debug_ranges  0x0000000000001a08       0x78 build/usbd_ctlreq.o
 .debug_ranges  0x0000000000001a80       0x40 build/usbd_ioreq.o
 .debug_ranges  0x0000000000001ac0       0x58 build/usbd_hid.o
 .debug_ranges  0x0000000000001b18       0x20 build/startup_stm32f103xb.o

.debug_line     0x0000000000000000    0x19635
 .debug_line    0x0000000000000000      0x7d1 build/main.o
 .debug_line    0x00000000000007d1      0x38d build/usb_device.o
 .debug_line    0x0000000000000b5e      0x8fe build/usbd_conf.o
 .debug_line    0x000000000000145c      0x4ec build/usbd_desc.o
 .debug_line    0x0000000000001948      0x2fb build/stm32f1xx_it.o
 .debug_line    0x0000000000001c43      0x29b build/stm32f1xx_hal_msp.o
 .debug_line    0x0000000000001ede      0x2ea build/stm32f1xx_hal_timebase_tim.o
 .debug_line    0x00000000000021c8      0x95e build/PS2X_lib.o
 .debug_line    0x0000000000002b26     0x1583 build/stm32f1xx_hal_pcd.o
 .debug_line    0x00000000000040a9      0x2e5 build/stm32f1xx_hal_pcd_ex.o
 .debug_line    0x000000000000438e     0x14c2 build/stm32f1xx_ll_usb.o
 .debug_line    0x0000000000005850      0x529 build/stm32f1xx_hal.o
 .debug_line    0x0000000000005d79      0xbf3 build/stm32f1xx_hal_rcc.o
 .debug_line    0x000000000000696c      0x4e0 build/stm32f1xx_hal_rcc_ex.o
 .debug_line    0x0000000000006e4c      0x638 build/stm32f1xx_hal_gpio.o
 .debug_line    0x0000000000007484      0x67b build/stm32f1xx_hal_cortex.o
 .debug_line    0x0000000000007aff     0x4345 build/stm32f1xx_hal_tim.o
 .debug_line    0x000000000000be44     0x1b86 build/stm32f1xx_hal_tim_ex.o
 .debug_line    0x000000000000d9ca      0x29b build/system_stm32f1xx.o
 .debug_line    0x000000000000dc65      0x482 build/list.o
 .debug_line    0x000000000000e0e7     0x1ff0 build/queue.o
 .debug_line    0x00000000000100d7     0x2b6d build/tasks.o
 .debug_line    0x0000000000012c44      0xe3d build/timers.o
 .debug_line    0x0000000000013a81     0x2d7f build/cmsis_os2.o
 .debug_line    0x0000000000016800      0x70d build/heap_4.o
 .debug_line    0x0000000000016f0d      0x5f4 build/port.o
 .debug_line    0x0000000000017501      0x8ce build/usbd_core.o
 .debug_line    0x0000000000017dcf      0xcf3 build/usbd_ctlreq.o
 .debug_line    0x0000000000018ac2      0x435 build/usbd_ioreq.o
 .debug_line    0x0000000000018ef7      0x6cc build/usbd_hid.o
 .debug_line    0x00000000000195c3       0x72 build/startup_stm32f103xb.o

.debug_str      0x0000000000000000     0x79d0
 .debug_str     0x0000000000000000     0x17d9 build/main.o
                                       0x1962 (size before relaxing)
 .debug_str     0x00000000000017d9       0x5d build/usb_device.o
                                        0xa67 (size before relaxing)
 .debug_str     0x0000000000001836      0xb59 build/usbd_conf.o
                                       0x1637 (size before relaxing)
 .debug_str     0x000000000000238f      0x171 build/usbd_desc.o
                                        0x8e6 (size before relaxing)
 .debug_str     0x0000000000002500       0xcf build/stm32f1xx_it.o
                                        0xaf6 (size before relaxing)
 .debug_str     0x00000000000025cf       0x7e build/stm32f1xx_hal_msp.o
                                        0xaba (size before relaxing)
 .debug_str     0x000000000000264d       0xb6 build/stm32f1xx_hal_timebase_tim.o
                                        0xbb7 (size before relaxing)
 .debug_str     0x0000000000002703      0x1e0 build/PS2X_lib.o
                                        0x5d2 (size before relaxing)
 .debug_str     0x00000000000028e3      0x318 build/stm32f1xx_hal_pcd.o
                                        0xb88 (size before relaxing)
 .debug_str     0x0000000000002bfb      0x159 build/stm32f1xx_hal_pcd_ex.o
                                        0x782 (size before relaxing)
 .debug_str     0x0000000000002d54      0x136 build/stm32f1xx_ll_usb.o
                                        0x7b5 (size before relaxing)
 .debug_str     0x0000000000002e8a      0x229 build/stm32f1xx_hal.o
                                        0x85f (size before relaxing)
 .debug_str     0x00000000000030b3      0x1ac build/stm32f1xx_hal_rcc.o
                                        0x6ae (size before relaxing)
 .debug_str     0x000000000000325f       0x9c build/stm32f1xx_hal_rcc_ex.o
                                        0x48d (size before relaxing)
 .debug_str     0x00000000000032fb       0xf4 build/stm32f1xx_hal_gpio.o
                                        0x4cc (size before relaxing)
 .debug_str     0x00000000000033ef      0x30c build/stm32f1xx_hal_cortex.o
                                        0x97b (size before relaxing)
 .debug_str     0x00000000000036fb      0xe11 build/stm32f1xx_hal_tim.o
                                       0x1704 (size before relaxing)
 .debug_str     0x000000000000450c      0x54a build/stm32f1xx_hal_tim_ex.o
                                        0xf2e (size before relaxing)
 .debug_str     0x0000000000004a56       0x4a build/system_stm32f1xx.o
                                        0x2dd (size before relaxing)
 .debug_str     0x0000000000004aa0      0x14d build/list.o
                                        0x6d9 (size before relaxing)
 .debug_str     0x0000000000004bed      0x9b2 build/queue.o
                                       0x1057 (size before relaxing)
 .debug_str     0x000000000000559f      0xc52 build/tasks.o
                                       0x1653 (size before relaxing)
 .debug_str     0x00000000000061f1      0x5a9 build/timers.o
                                        0xfca (size before relaxing)
 .debug_str     0x000000000000679a      0xa43 build/cmsis_os2.o
                                       0x1cb5 (size before relaxing)
 .debug_str     0x00000000000071dd      0x1d5 build/heap_4.o
                                        0x7c2 (size before relaxing)
 .debug_str     0x00000000000073b2      0x17d build/port.o
                                        0x44f (size before relaxing)
 .debug_str     0x000000000000752f      0x13e build/usbd_core.o
                                        0xcd1 (size before relaxing)
 .debug_str     0x000000000000766d       0xe2 build/usbd_ctlreq.o
                                        0xbeb (size before relaxing)
 .debug_str     0x000000000000774f       0x60 build/usbd_ioreq.o
                                        0xb18 (size before relaxing)
 .debug_str     0x00000000000077af      0x1fc build/usbd_hid.o
                                        0xcbc (size before relaxing)
 .debug_str     0x00000000000079ab       0x25 build/startup_stm32f103xb.o
                                         0x44 (size before relaxing)

.comment        0x0000000000000000       0x68
 .comment       0x0000000000000000       0x68 build/main.o
                                         0x69 (size before relaxing)
 .comment       0x0000000000000068       0x69 build/usb_device.o
 .comment       0x0000000000000068       0x69 build/usbd_conf.o
 .comment       0x0000000000000068       0x69 build/usbd_desc.o
 .comment       0x0000000000000068       0x69 build/stm32f1xx_it.o
 .comment       0x0000000000000068       0x69 build/stm32f1xx_hal_msp.o
 .comment       0x0000000000000068       0x69 build/stm32f1xx_hal_timebase_tim.o
 .comment       0x0000000000000068       0x69 build/PS2X_lib.o
 .comment       0x0000000000000068       0x69 build/stm32f1xx_hal_pcd.o
 .comment       0x0000000000000068       0x69 build/stm32f1xx_hal_pcd_ex.o
 .comment       0x0000000000000068       0x69 build/stm32f1xx_ll_usb.o
 .comment       0x0000000000000068       0x69 build/stm32f1xx_hal.o
 .comment       0x0000000000000068       0x69 build/stm32f1xx_hal_rcc.o
 .comment       0x0000000000000068       0x69 build/stm32f1xx_hal_rcc_ex.o
 .comment       0x0000000000000068       0x69 build/stm32f1xx_hal_gpio.o
 .comment       0x0000000000000068       0x69 build/stm32f1xx_hal_cortex.o
 .comment       0x0000000000000068       0x69 build/stm32f1xx_hal_tim.o
 .comment       0x0000000000000068       0x69 build/stm32f1xx_hal_tim_ex.o
 .comment       0x0000000000000068       0x69 build/system_stm32f1xx.o
 .comment       0x0000000000000068       0x69 build/list.o
 .comment       0x0000000000000068       0x69 build/queue.o
 .comment       0x0000000000000068       0x69 build/tasks.o
 .comment       0x0000000000000068       0x69 build/timers.o
 .comment       0x0000000000000068       0x69 build/cmsis_os2.o
 .comment       0x0000000000000068       0x69 build/heap_4.o
 .comment       0x0000000000000068       0x69 build/port.o
 .comment       0x0000000000000068       0x69 build/usbd_core.o
 .comment       0x0000000000000068       0x69 build/usbd_ctlreq.o
 .comment       0x0000000000000068       0x69 build/usbd_ioreq.o
 .comment       0x0000000000000068       0x69 build/usbd_hid.o

.debug_frame    0x0000000000000000     0x4a50
 .debug_frame   0x0000000000000000      0x118 build/main.o
 .debug_frame   0x0000000000000118       0x2c build/usb_device.o
 .debug_frame   0x0000000000000144      0x354 build/usbd_conf.o
 .debug_frame   0x0000000000000498       0xfc build/usbd_desc.o
 .debug_frame   0x0000000000000594       0xa8 build/stm32f1xx_it.o
 .debug_frame   0x000000000000063c       0x54 build/stm32f1xx_hal_msp.o
 .debug_frame   0x0000000000000690       0x50 build/stm32f1xx_hal_timebase_tim.o
 .debug_frame   0x00000000000006e0      0x210 build/PS2X_lib.o
 .debug_frame   0x00000000000008f0      0x3b8 build/stm32f1xx_hal_pcd.o
 .debug_frame   0x0000000000000ca8       0x60 build/stm32f1xx_hal_pcd_ex.o
 .debug_frame   0x0000000000000d08      0x23c build/stm32f1xx_ll_usb.o
 .debug_frame   0x0000000000000f44      0x1e0 build/stm32f1xx_hal.o
 .debug_frame   0x0000000000001124      0x1cc build/stm32f1xx_hal_rcc.o
 .debug_frame   0x00000000000012f0       0x74 build/stm32f1xx_hal_rcc_ex.o
 .debug_frame   0x0000000000001364      0x104 build/stm32f1xx_hal_gpio.o
 .debug_frame   0x0000000000001468      0x13c build/stm32f1xx_hal_cortex.o
 .debug_frame   0x00000000000015a4      0xd44 build/stm32f1xx_hal_tim.o
 .debug_frame   0x00000000000022e8      0x510 build/stm32f1xx_hal_tim_ex.o
 .debug_frame   0x00000000000027f8       0x30 build/system_stm32f1xx.o
 .debug_frame   0x0000000000002828       0x70 build/list.o
 .debug_frame   0x0000000000002898      0x4f0 build/queue.o
 .debug_frame   0x0000000000002d88      0x734 build/tasks.o
 .debug_frame   0x00000000000034bc      0x324 build/timers.o
 .debug_frame   0x00000000000037e0      0x8b8 build/cmsis_os2.o
 .debug_frame   0x0000000000004098       0xbc build/heap_4.o
 .debug_frame   0x0000000000004154       0xf4 build/port.o
 .debug_frame   0x0000000000004248      0x1f0 build/usbd_core.o
 .debug_frame   0x0000000000004438      0x1ac build/usbd_ctlreq.o
 .debug_frame   0x00000000000045e4       0xd4 build/usbd_ioreq.o
 .debug_frame   0x00000000000046b8       0xe8 build/usbd_hid.o
 .debug_frame   0x00000000000047a0       0x2c d:/stm32/gnu mcu eclipse/arm embedded gcc/8.2.1-1.4-20190214-0604/bin/../lib/gcc/arm-none-eabi/8.2.1/../../../../arm-none-eabi/lib/thumb/v7-m/nofp\libc_nano.a(lib_a-init.o)
 .debug_frame   0x00000000000047cc       0x28 d:/stm32/gnu mcu eclipse/arm embedded gcc/8.2.1-1.4-20190214-0604/bin/../lib/gcc/arm-none-eabi/8.2.1/../../../../arm-none-eabi/lib/thumb/v7-m/nofp\libc_nano.a(lib_a-memcpy-stub.o)
 .debug_frame   0x00000000000047f4       0x20 d:/stm32/gnu mcu eclipse/arm embedded gcc/8.2.1-1.4-20190214-0604/bin/../lib/gcc/arm-none-eabi/8.2.1/../../../../arm-none-eabi/lib/thumb/v7-m/nofp\libc_nano.a(lib_a-memset.o)
 .debug_frame   0x0000000000004814       0xac d:/stm32/gnu mcu eclipse/arm embedded gcc/8.2.1-1.4-20190214-0604/bin/../lib/gcc/arm-none-eabi/8.2.1/thumb/v7-m/nofp\libgcc.a(_arm_addsubdf3.o)
 .debug_frame   0x00000000000048c0       0xc4 d:/stm32/gnu mcu eclipse/arm embedded gcc/8.2.1-1.4-20190214-0604/bin/../lib/gcc/arm-none-eabi/8.2.1/thumb/v7-m/nofp\libgcc.a(_arm_cmpdf2.o)
 .debug_frame   0x0000000000004984       0x24 d:/stm32/gnu mcu eclipse/arm embedded gcc/8.2.1-1.4-20190214-0604/bin/../lib/gcc/arm-none-eabi/8.2.1/thumb/v7-m/nofp\libgcc.a(_arm_fixunsdfsi.o)
 .debug_frame   0x00000000000049a8       0x4c d:/stm32/gnu mcu eclipse/arm embedded gcc/8.2.1-1.4-20190214-0604/bin/../lib/gcc/arm-none-eabi/8.2.1/thumb/v7-m/nofp\libgcc.a(_arm_addsubsf3.o)